[INFO] Loading MNIST…
[INFO] Train=60000, Clean=30000
[INFO] ===== p=0.0 =====
[INFO] Applying corruption p=0.0
[INFO] Epoch 1: loss=0.3635, acc=95.32
[INFO] Epoch 2: loss=0.1264, acc=96.52
[INFO] Epoch 3: loss=0.0828, acc=97.31
[INFO] Epoch 4: loss=0.0608, acc=97.58
[INFO] Epoch 5: loss=0.0431, acc=97.63
[INFO] Epoch 6: loss=0.0328, acc=97.46
[INFO] LR halved
[INFO] Epoch 7: loss=0.0152, acc=98.18
[INFO] Epoch 8: loss=0.0104, acc=98.01
[INFO] Epoch 9: loss=0.0076, acc=98.07
[INFO] Epoch 10: loss=0.0070, acc=98.21
[INFO] ===== p=0.2 =====
[INFO] Applying corruption p=0.2
[INFO] Corrupted=5967
[INFO] Epoch 1: loss=0.8407, acc=94.84
[INFO] Epoch 2: loss=0.6345, acc=96.80
[INFO] Epoch 3: loss=0.5888, acc=97.44
[INFO] Epoch 4: loss=0.5586, acc=97.52
[INFO] Epoch 5: loss=0.5353, acc=97.73
[INFO] Epoch 6: loss=0.5168, acc=97.73
[INFO] LR halved
[INFO] Epoch 7: loss=0.4773, acc=97.99
[INFO] Epoch 8: loss=0.4595, acc=97.87
[INFO] Epoch 9: loss=0.4437, acc=97.92
[INFO] Epoch 10: loss=0.4264, acc=97.92
[INFO] ===== p=0.4 =====
[INFO] Applying corruption p=0.4
[INFO] Corrupted=11842
[INFO] Epoch 1: loss=1.1369, acc=95.30
[INFO] Epoch 2: loss=0.9747, acc=96.67
[INFO] Epoch 3: loss=0.9331, acc=97.16
[INFO] Epoch 4: loss=0.9051, acc=97.69
[INFO] Epoch 5: loss=0.8821, acc=97.57
[INFO] Epoch 6: loss=0.8597, acc=97.44
[INFO] LR halved
[INFO] Epoch 7: loss=0.8145, acc=97.86
[INFO] Epoch 8: loss=0.7937, acc=97.66
[INFO] Epoch 9: loss=0.7730, acc=97.25
[INFO] Epoch 10: loss=0.7495, acc=97.25
[INFO] ===== p=0.6 =====
[INFO] Applying corruption p=0.6
[INFO] Corrupted=17987
[INFO] Epoch 1: loss=1.4175, acc=94.98
[INFO] Epoch 2: loss=1.2804, acc=96.11
[INFO] Epoch 3: loss=1.2427, acc=96.59
[INFO] Epoch 4: loss=1.2167, acc=97.05
[INFO] Epoch 5: loss=1.1947, acc=97.28
[INFO] Epoch 6: loss=1.1732, acc=97.35
[INFO] LR halved
[INFO] Epoch 7: loss=1.1275, acc=97.23
[INFO] Epoch 8: loss=1.1049, acc=97.36
[INFO] Epoch 9: loss=1.0831, acc=96.93
[INFO] Epoch 10: loss=1.0582, acc=96.80
[INFO] ===== p=0.8 =====
[INFO] Applying corruption p=0.8
[INFO] Corrupted=23999
[INFO] Epoch 1: loss=1.6362, acc=94.67
[INFO] Epoch 2: loss=1.5290, acc=95.67
[INFO] Epoch 3: loss=1.4983, acc=96.45
[INFO] Epoch 4: loss=1.4766, acc=96.90
[INFO] Epoch 5: loss=1.4569, acc=96.80
[INFO] Epoch 6: loss=1.4382, acc=97.00
[INFO] LR halved
[INFO] Epoch 7: loss=1.3936, acc=97.16
[INFO] Epoch 8: loss=1.3712, acc=96.47
[INFO] Epoch 9: loss=1.3476, acc=96.08
[INFO] Epoch 10: loss=1.3213, acc=95.69
[INFO] ===== p=1.0 =====
[INFO] Applying corruption p=1.0
[INFO] Corrupted=30000
[INFO] Epoch 1: loss=1.8341, acc=94.09
[INFO] Epoch 2: loss=1.7449, acc=95.27
[INFO] Epoch 3: loss=1.7177, acc=95.55
[INFO] Epoch 4: loss=1.6995, acc=96.19
[INFO] Epoch 5: loss=1.6806, acc=96.36
[INFO] Epoch 6: loss=1.6624, acc=95.97
[INFO] LR halved
[INFO] Epoch 7: loss=1.6182, acc=96.42
[INFO] Epoch 8: loss=1.5943, acc=95.63
[INFO] Epoch 9: loss=1.5701, acc=94.81
[INFO] Epoch 10: loss=1.5428, acc=94.38
[INFO] Loading MNIST…
[INFO] Train=60000, Clean=30000
[INFO] ===== p=0.0 =====
[INFO] Applying corruption p=0.0
[INFO] Epoch 1: loss=0.3819, acc=94.66
[INFO] Epoch 2: loss=0.1381, acc=96.37
[INFO] Epoch 3: loss=0.0898, acc=97.09
[INFO] Epoch 4: loss=0.0648, acc=97.59
[INFO] Epoch 5: loss=0.0477, acc=97.40
[INFO] Epoch 6: loss=0.0386, acc=97.71
[INFO] LR halved
[INFO] Epoch 7: loss=0.0191, acc=98.14
[INFO] Epoch 8: loss=0.0129, acc=98.18
[INFO] Epoch 9: loss=0.0102, acc=98.03
[INFO] Epoch 10: loss=0.0080, acc=98.22
[INFO] Using device: cuda
[INFO] Starting run
[INFO] Loading MNIST…
[INFO] Train=60000, Clean=30000
[INFO] Loaded MNIST datasets: train_len=60000, test_len=10000
[INFO] ===== p=0.0 =====
[INFO] Applying corruption p=0.0
[INFO] Initialized model for p=0.0
[INFO] Epoch 1: loss=0.3781, acc=95.01
[INFO] Epoch 2: loss=0.1304, acc=96.46
[INFO] Epoch 3: loss=0.0845, acc=97.03
[INFO] Epoch 4: loss=0.0599, acc=97.83
[INFO] Epoch 5: loss=0.0442, acc=97.77
[INFO] Epoch 6: loss=0.0344, acc=97.90
[INFO] LR halved
[INFO] Epoch 7: loss=0.0160, acc=98.15
[INFO] Epoch 8: loss=0.0110, acc=98.04
[INFO] Epoch 9: loss=0.0087, acc=98.13
[INFO] Epoch 10: loss=0.0074, acc=98.02
[INFO] Finished training p=0.0: final_train_loss=0.007395750173584868 final_test_acc=0.9802
[2025-12-09 18:25:22] [INFO] Using device: cuda
[2025-12-09 18:25:22] [INFO] Starting run
[2025-12-09 18:25:22] [INFO] Loading MNIST…
[2025-12-09 18:25:22] [INFO] Train=60000, Clean=30000
[2025-12-09 18:25:22] [INFO] Loaded MNIST datasets: train_len=60000, test_len=10000
[2025-12-09 18:25:22] [INFO] ===== p=0.0 =====
[2025-12-09 18:25:22] [INFO] Applying corruption p=0.0
[2025-12-09 18:25:22] [INFO] Initialized model for p=0.0
[2025-12-09 18:25:26] [INFO] Epoch 1: loss=0.3608, acc=95.39
[2025-12-09 18:25:30] [INFO] Epoch 2: loss=0.1248, acc=96.46
[2025-12-09 18:25:34] [INFO] Epoch 3: loss=0.0848, acc=97.45
[2025-12-09 18:25:39] [INFO] Epoch 4: loss=0.0592, acc=97.61
[2025-12-09 18:25:44] [INFO] Epoch 5: loss=0.0445, acc=97.78
[2025-12-09 18:25:50] [INFO] Epoch 6: loss=0.0338, acc=97.75
[2025-12-09 18:25:50] [INFO] LR halved
[2025-12-09 18:25:55] [INFO] Epoch 7: loss=0.0160, acc=98.15
[2025-12-09 18:26:00] [INFO] Epoch 8: loss=0.0097, acc=98.19
[2025-12-09 18:26:06] [INFO] Epoch 9: loss=0.0078, acc=98.28
[2025-12-09 18:26:11] [INFO] Epoch 10: loss=0.0065, acc=98.18
[2025-12-09 18:26:11] [INFO] Finished training p=0.0: final_train_loss=0.006460771345502387 final_test_acc=0.9818
[2025-12-09 18:30:17] [INFO] Computed 1D curve for p=0.0; alpha_star=-2.8
[2025-12-09 18:30:17] [INFO] p=0.0 summary: clean_loss=0.004027 final_acc=0.9818 r_max=0.660000 area=0.435600
[2025-12-09 18:30:18] [INFO] Saved 1D loss line: results/plots/loss_line_p0.0.png
[2025-12-09 18:30:18] [INFO] Saved loss curve with parabola for p=0.0: results/plots/loss_line_with_parabola_p0.0.png
[2025-12-09 18:30:18] [INFO] Saved train curves for p=0.0: results/plots/train_curves_p0.0.png
[2025-12-09 18:30:18] [INFO] p=0.0 completed (elapsed=0h04m56s, 296.10s)
[2025-12-09 18:30:18] [INFO] ===== p=0.2 =====
[2025-12-09 18:30:18] [INFO] Applying corruption p=0.2
[2025-12-09 18:30:18] [INFO] Corrupted=5967
[2025-12-09 18:30:18] [INFO] Initialized model for p=0.2
[2025-12-09 18:30:23] [INFO] Epoch 1: loss=0.8247, acc=95.50
[2025-12-09 18:30:29] [INFO] Epoch 2: loss=0.6263, acc=96.66
[2025-12-09 18:30:34] [INFO] Epoch 3: loss=0.5821, acc=97.43
[2025-12-09 18:30:39] [INFO] Epoch 4: loss=0.5536, acc=97.48
[2025-12-09 18:30:44] [INFO] Epoch 5: loss=0.5322, acc=97.73
[2025-12-09 18:30:49] [INFO] Epoch 6: loss=0.5131, acc=97.72
[2025-12-09 18:30:49] [INFO] LR halved
[2025-12-09 18:30:54] [INFO] Epoch 7: loss=0.4741, acc=97.82
[2025-12-09 18:31:00] [INFO] Epoch 8: loss=0.4559, acc=97.82
[2025-12-09 18:31:05] [INFO] Epoch 9: loss=0.4407, acc=97.71
[2025-12-09 18:31:10] [INFO] Epoch 10: loss=0.4238, acc=97.56
[2025-12-09 18:31:10] [INFO] Finished training p=0.2: final_train_loss=0.4238081505298614 final_test_acc=0.9756
[2025-12-09 18:34:15] [INFO] Computed 1D curve for p=0.2; alpha_star=-1.5
[2025-12-09 18:34:15] [INFO] p=0.2 summary: clean_loss=0.107886 final_acc=0.9756 r_max=0.250000 area=0.062500
[2025-12-09 18:34:15] [INFO] Saved 1D loss line: results/plots/loss_line_p0.2.png
[2025-12-09 18:34:15] [INFO] Saved loss curve with parabola for p=0.2: results/plots/loss_line_with_parabola_p0.2.png
[2025-12-09 18:34:16] [INFO] Saved train curves for p=0.2: results/plots/train_curves_p0.2.png
[2025-12-09 18:34:16] [INFO] p=0.2 completed (elapsed=0h03m57s, 237.65s)
[2025-12-09 18:34:16] [INFO] ===== p=0.4 =====
[2025-12-09 18:34:16] [INFO] Applying corruption p=0.4
[2025-12-09 18:34:16] [INFO] Corrupted=11842
[2025-12-09 18:34:16] [INFO] Initialized model for p=0.4
[2025-12-09 18:34:20] [INFO] Epoch 1: loss=1.1582, acc=95.10
[2025-12-09 18:34:25] [INFO] Epoch 2: loss=0.9811, acc=96.35
[2025-12-09 18:34:30] [INFO] Epoch 3: loss=0.9391, acc=97.11
[2025-12-09 18:34:36] [INFO] Epoch 4: loss=0.9086, acc=97.48
[2025-12-09 18:34:41] [INFO] Epoch 5: loss=0.8857, acc=97.50
[2025-12-09 18:34:47] [INFO] Epoch 6: loss=0.8649, acc=97.24
[2025-12-09 18:34:47] [INFO] LR halved
[2025-12-09 18:34:52] [INFO] Epoch 7: loss=0.8214, acc=97.61
[2025-12-09 18:34:58] [INFO] Epoch 8: loss=0.8007, acc=97.34
[2025-12-09 18:35:03] [INFO] Epoch 9: loss=0.7817, acc=97.11
[2025-12-09 18:35:08] [INFO] Epoch 10: loss=0.7595, acc=97.03
[2025-12-09 18:35:08] [INFO] Finished training p=0.4: final_train_loss=0.7595064216295878 final_test_acc=0.9703
[2025-12-09 18:40:12] [INFO] Computed 1D curve for p=0.4; alpha_star=-5.6
[2025-12-09 18:40:12] [INFO] p=0.4 summary: clean_loss=0.192477 final_acc=0.9703 r_max=1.200000 area=1.440000
[2025-12-09 18:40:12] [INFO] Saved 1D loss line: results/plots/loss_line_p0.4.png
[2025-12-09 18:40:12] [INFO] Saved loss curve with parabola for p=0.4: results/plots/loss_line_with_parabola_p0.4.png
[2025-12-09 18:40:13] [INFO] Saved train curves for p=0.4: results/plots/train_curves_p0.4.png
[2025-12-09 18:40:13] [INFO] p=0.4 completed (elapsed=0h05m57s, 357.18s)
[2025-12-09 18:40:13] [INFO] ===== p=0.6 =====
[2025-12-09 18:40:13] [INFO] Applying corruption p=0.6
[2025-12-09 18:40:13] [INFO] Corrupted=17987
[2025-12-09 18:40:13] [INFO] Initialized model for p=0.6
[2025-12-09 18:40:18] [INFO] Epoch 1: loss=1.4175, acc=94.98
[2025-12-09 18:40:24] [INFO] Epoch 2: loss=1.2804, acc=96.11
[2025-12-09 18:40:29] [INFO] Epoch 3: loss=1.2427, acc=96.59
[2025-12-09 18:40:35] [INFO] Epoch 4: loss=1.2167, acc=97.05
[2025-12-09 18:40:40] [INFO] Epoch 5: loss=1.1947, acc=97.28
[2025-12-09 18:40:46] [INFO] Epoch 6: loss=1.1732, acc=97.35
[2025-12-09 18:40:46] [INFO] LR halved
[2025-12-09 18:40:52] [INFO] Epoch 7: loss=1.1275, acc=97.23
[2025-12-09 18:40:57] [INFO] Epoch 8: loss=1.1049, acc=97.36
[2025-12-09 18:41:03] [INFO] Epoch 9: loss=1.0831, acc=96.93
[2025-12-09 18:41:09] [INFO] Epoch 10: loss=1.0582, acc=96.80
[2025-12-09 18:41:09] [INFO] Finished training p=0.6: final_train_loss=1.0582146423975627 final_test_acc=0.968
[2025-12-09 18:46:20] [INFO] Computed 1D curve for p=0.6; alpha_star=8.0
[2025-12-09 18:46:20] [INFO] p=0.6 summary: clean_loss=0.284397 final_acc=0.9680 r_max=8.000000 area=64.000000
[2025-12-09 18:46:20] [INFO] Saved 1D loss line: results/plots/loss_line_p0.6.png
[2025-12-09 18:46:20] [INFO] Saved loss curve with parabola for p=0.6: results/plots/loss_line_with_parabola_p0.6.png
[2025-12-09 18:46:21] [INFO] Saved train curves for p=0.6: results/plots/train_curves_p0.6.png
[2025-12-09 18:46:21] [INFO] p=0.6 completed (elapsed=0h06m07s, 367.82s)
[2025-12-09 18:46:21] [INFO] ===== p=0.8 =====
[2025-12-09 18:46:21] [INFO] Applying corruption p=0.8
[2025-12-09 18:46:21] [INFO] Corrupted=23999
[2025-12-09 18:46:21] [INFO] Initialized model for p=0.8
[2025-12-09 18:46:26] [INFO] Epoch 1: loss=1.6362, acc=94.67
[2025-12-09 18:46:32] [INFO] Epoch 2: loss=1.5290, acc=95.67
[2025-12-09 18:46:37] [INFO] Epoch 3: loss=1.4983, acc=96.45
[2025-12-09 18:46:43] [INFO] Epoch 4: loss=1.4766, acc=96.90
[2025-12-09 18:46:48] [INFO] Epoch 5: loss=1.4569, acc=96.80
[2025-12-09 18:46:54] [INFO] Epoch 6: loss=1.4382, acc=97.00
[2025-12-09 18:46:54] [INFO] LR halved
[2025-12-09 18:47:00] [INFO] Epoch 7: loss=1.3936, acc=97.16
[2025-12-09 18:47:05] [INFO] Epoch 8: loss=1.3712, acc=96.47
[2025-12-09 18:47:11] [INFO] Epoch 9: loss=1.3476, acc=96.08
[2025-12-09 18:47:16] [INFO] Epoch 10: loss=1.3213, acc=95.69
[2025-12-09 18:47:16] [INFO] Finished training p=0.8: final_train_loss=1.3212748116175335 final_test_acc=0.9569
[2025-12-09 18:52:23] [INFO] Computed 1D curve for p=0.8; alpha_star=8.0
[2025-12-09 18:52:23] [INFO] p=0.8 summary: clean_loss=0.407482 final_acc=0.9569 r_max=8.000000 area=64.000000
[2025-12-09 18:52:23] [INFO] Saved 1D loss line: results/plots/loss_line_p0.8.png
[2025-12-09 18:52:23] [INFO] Saved loss curve with parabola for p=0.8: results/plots/loss_line_with_parabola_p0.8.png
[2025-12-09 18:52:23] [INFO] Saved train curves for p=0.8: results/plots/train_curves_p0.8.png
[2025-12-09 18:52:23] [INFO] p=0.8 completed (elapsed=0h06m02s, 362.57s)
[2025-12-09 18:52:23] [INFO] ===== p=1.0 =====
[2025-12-09 18:52:23] [INFO] Applying corruption p=1.0
[2025-12-09 18:52:23] [INFO] Corrupted=30000
[2025-12-09 18:52:23] [INFO] Initialized model for p=1.0
[2025-12-09 18:52:29] [INFO] Epoch 1: loss=1.8341, acc=94.09
[2025-12-09 18:52:34] [INFO] Epoch 2: loss=1.7449, acc=95.27
[2025-12-09 18:52:40] [INFO] Epoch 3: loss=1.7177, acc=95.55
[2025-12-09 18:52:45] [INFO] Epoch 4: loss=1.6995, acc=96.19
[2025-12-09 18:52:51] [INFO] Epoch 5: loss=1.6806, acc=96.36
[2025-12-09 18:52:56] [INFO] Epoch 6: loss=1.6624, acc=95.97
[2025-12-09 18:52:56] [INFO] LR halved
[2025-12-09 18:53:02] [INFO] Epoch 7: loss=1.6182, acc=96.42
[2025-12-09 18:53:07] [INFO] Epoch 8: loss=1.5943, acc=95.63
[2025-12-09 18:53:13] [INFO] Epoch 9: loss=1.5701, acc=94.81
[2025-12-09 18:53:18] [INFO] Epoch 10: loss=1.5428, acc=94.38
[2025-12-09 18:53:18] [INFO] Finished training p=1.0: final_train_loss=1.5427501204808554 final_test_acc=0.9438
[2025-12-09 18:58:23] [INFO] Computed 1D curve for p=1.0; alpha_star=8.0
[2025-12-09 18:58:23] [INFO] p=1.0 summary: clean_loss=0.520584 final_acc=0.9438 r_max=8.000000 area=64.000000
[2025-12-09 18:58:23] [INFO] Saved 1D loss line: results/plots/loss_line_p1.0.png
[2025-12-09 18:58:23] [INFO] Saved loss curve with parabola for p=1.0: results/plots/loss_line_with_parabola_p1.0.png
[2025-12-09 18:58:23] [INFO] Saved train curves for p=1.0: results/plots/train_curves_p1.0.png
[2025-12-09 18:58:23] [INFO] p=1.0 completed (elapsed=0h06m00s, 360.31s)
[2025-12-09 18:58:24] [INFO] Saved comparison chart: results/plots/comparison_chart.png
[2025-12-09 18:58:24] [INFO] Saved CSV results: results/summary.csv (default)
[2025-12-09 18:58:24] [INFO] Saved combined loss landscapes: results/plots/combined_loss_landscapes.png
[2025-12-09 18:58:24] [INFO] Run complete (elapsed=0h33m01s, 1981.98s)
[2025-12-09 19:49:26] [INFO] Using device: cuda
[2025-12-09 19:49:26] [INFO] Starting run
[2025-12-09 19:49:26] [INFO] Loading MNIST…
[2025-12-09 19:49:26] [INFO] Train=60000, Clean=30000
[2025-12-09 19:49:26] [INFO] Loaded MNIST datasets: train_len=60000, test_len=10000
[2025-12-09 19:49:26] [INFO] ===== p=0.0 =====
[2025-12-09 19:49:26] [INFO] Applying corruption p=0.0
[2025-12-09 19:49:26] [INFO] Initialized model for p=0.0
[2025-12-09 19:49:30] [INFO] Epoch 1: loss=0.3687, acc=94.96
[2025-12-09 19:49:34] [INFO] Epoch 2: loss=0.1245, acc=96.98
[2025-12-09 19:49:40] [INFO] Epoch 3: loss=0.0831, acc=97.40
[2025-12-09 19:49:44] [INFO] Epoch 4: loss=0.0586, acc=97.59
[2025-12-09 19:49:49] [INFO] Epoch 5: loss=0.0436, acc=97.50
[2025-12-09 19:49:53] [INFO] Epoch 6: loss=0.0329, acc=97.81
[2025-12-09 19:49:53] [INFO] LR halved
[2025-12-09 19:49:57] [INFO] Epoch 7: loss=0.0158, acc=98.15
[2025-12-09 19:50:03] [INFO] Epoch 8: loss=0.0104, acc=98.11
[2025-12-09 19:50:08] [INFO] Epoch 9: loss=0.0080, acc=98.15
[2025-12-09 19:50:15] [INFO] Epoch 10: loss=0.0070, acc=97.91
[2025-12-09 19:50:15] [INFO] Finished training p=0.0: final_train_loss=0.006975838411164781 final_test_acc=0.9791
[2025-12-09 19:55:04] [INFO] Computed 1D curve for p=0.0; alpha_star=2.6000000000000005
[2025-12-09 19:55:04] [INFO] p=0.0 summary: clean_loss=0.005868 final_acc=0.9791 r_max=0.630000 area=0.396900
[2025-12-09 19:55:04] [INFO] Saved 1D loss line: results/plots/loss_line_p0.0.png
[2025-12-09 19:55:04] [INFO] Saved loss curve with parabola for p=0.0: results/plots/loss_line_with_parabola_p0.0.png
[2025-12-09 19:55:04] [INFO] Saved train curves for p=0.0: results/plots/train_curves_p0.0.png
[2025-12-09 19:55:04] [INFO] p=0.0 completed (elapsed=0h05m38s, 338.60s)
[2025-12-09 19:55:04] [INFO] ===== p=0.2 =====
[2025-12-09 19:55:04] [INFO] Applying corruption p=0.2
[2025-12-09 19:55:05] [INFO] Corrupted=5967
[2025-12-09 19:55:05] [INFO] Initialized model for p=0.2
[2025-12-09 19:55:11] [INFO] Epoch 1: loss=0.8247, acc=95.50
[2025-12-09 19:55:17] [INFO] Epoch 2: loss=0.6263, acc=96.66
[2025-12-09 19:55:23] [INFO] Epoch 3: loss=0.5821, acc=97.43
[2025-12-09 19:55:28] [INFO] Epoch 4: loss=0.5536, acc=97.48
[2025-12-09 19:55:34] [INFO] Epoch 5: loss=0.5322, acc=97.73
[2025-12-09 19:55:40] [INFO] Epoch 6: loss=0.5131, acc=97.72
[2025-12-09 19:55:40] [INFO] LR halved
[2025-12-09 19:55:46] [INFO] Epoch 7: loss=0.4741, acc=97.82
[2025-12-09 19:55:51] [INFO] Epoch 8: loss=0.4559, acc=97.82
[2025-12-09 19:55:56] [INFO] Epoch 9: loss=0.4407, acc=97.71
[2025-12-09 19:56:02] [INFO] Epoch 10: loss=0.4238, acc=97.56
[2025-12-09 19:56:02] [INFO] Finished training p=0.2: final_train_loss=0.4238081505298614 final_test_acc=0.9756
[2025-12-09 20:00:18] [INFO] Computed 1D curve for p=0.2; alpha_star=-1.5
[2025-12-09 20:00:18] [INFO] p=0.2 summary: clean_loss=0.107886 final_acc=0.9756 r_max=0.250000 area=0.062500
[2025-12-09 20:00:18] [INFO] Saved 1D loss line: results/plots/loss_line_p0.2.png
[2025-12-09 20:00:18] [INFO] Saved loss curve with parabola for p=0.2: results/plots/loss_line_with_parabola_p0.2.png
[2025-12-09 20:00:19] [INFO] Saved train curves for p=0.2: results/plots/train_curves_p0.2.png
[2025-12-09 20:00:19] [INFO] p=0.2 completed (elapsed=0h05m14s, 314.20s)
[2025-12-09 20:00:19] [INFO] ===== p=0.4 =====
[2025-12-09 20:00:19] [INFO] Applying corruption p=0.4
[2025-12-09 20:00:19] [INFO] Corrupted=11842
[2025-12-09 20:00:19] [INFO] Initialized model for p=0.4
[2025-12-09 20:00:26] [INFO] Epoch 1: loss=1.1582, acc=95.10
[2025-12-09 20:00:33] [INFO] Epoch 2: loss=0.9811, acc=96.35
[2025-12-09 20:00:40] [INFO] Epoch 3: loss=0.9391, acc=97.11
[2025-12-09 20:00:46] [INFO] Epoch 4: loss=0.9086, acc=97.48
[2025-12-09 20:00:51] [INFO] Epoch 5: loss=0.8857, acc=97.50
[2025-12-09 20:00:57] [INFO] Epoch 6: loss=0.8649, acc=97.24
[2025-12-09 20:00:57] [INFO] LR halved
[2025-12-09 20:01:05] [INFO] Epoch 7: loss=0.8214, acc=97.61
[2025-12-09 20:01:12] [INFO] Epoch 8: loss=0.8007, acc=97.34
[2025-12-09 20:01:19] [INFO] Epoch 9: loss=0.7817, acc=97.11
[2025-12-09 20:01:26] [INFO] Epoch 10: loss=0.7595, acc=97.03
[2025-12-09 20:01:26] [INFO] Finished training p=0.4: final_train_loss=0.7595064216295878 final_test_acc=0.9703
[2025-12-09 20:08:15] [INFO] Computed 1D curve for p=0.4; alpha_star=-5.6
[2025-12-09 20:08:15] [INFO] p=0.4 summary: clean_loss=0.192477 final_acc=0.9703 r_max=1.200000 area=1.440000
[2025-12-09 20:08:15] [INFO] Saved 1D loss line: results/plots/loss_line_p0.4.png
[2025-12-09 20:08:15] [INFO] Saved loss curve with parabola for p=0.4: results/plots/loss_line_with_parabola_p0.4.png
[2025-12-09 20:08:15] [INFO] Saved train curves for p=0.4: results/plots/train_curves_p0.4.png
[2025-12-09 20:08:15] [INFO] p=0.4 completed (elapsed=0h07m56s, 476.43s)
[2025-12-09 20:08:15] [INFO] ===== p=0.6 =====
[2025-12-09 20:08:15] [INFO] Applying corruption p=0.6
[2025-12-09 20:08:15] [INFO] Corrupted=17987
[2025-12-09 20:08:15] [INFO] Initialized model for p=0.6
[2025-12-09 20:08:21] [INFO] Epoch 1: loss=1.4175, acc=94.98
[2025-12-09 20:08:28] [INFO] Epoch 2: loss=1.2804, acc=96.11
[2025-12-09 20:08:35] [INFO] Epoch 3: loss=1.2427, acc=96.59
[2025-12-09 20:08:40] [INFO] Epoch 4: loss=1.2167, acc=97.05
[2025-12-09 20:08:46] [INFO] Epoch 5: loss=1.1947, acc=97.28
[2025-12-09 20:08:51] [INFO] Epoch 6: loss=1.1732, acc=97.35
[2025-12-09 20:08:51] [INFO] LR halved
[2025-12-09 20:08:57] [INFO] Epoch 7: loss=1.1275, acc=97.23
[2025-12-09 20:09:03] [INFO] Epoch 8: loss=1.1049, acc=97.36
[2025-12-09 20:09:10] [INFO] Epoch 9: loss=1.0831, acc=96.93
[2025-12-09 20:09:17] [INFO] Epoch 10: loss=1.0582, acc=96.80
[2025-12-09 20:09:17] [INFO] Finished training p=0.6: final_train_loss=1.0582146423975627 final_test_acc=0.968
[2025-12-09 20:15:26] [INFO] Computed 1D curve for p=0.6; alpha_star=8.0
[2025-12-09 20:15:26] [INFO] p=0.6 summary: clean_loss=0.284397 final_acc=0.9680 r_max=8.000000 area=64.000000
[2025-12-09 20:15:26] [INFO] Saved 1D loss line: results/plots/loss_line_p0.6.png
[2025-12-09 20:15:26] [INFO] Saved loss curve with parabola for p=0.6: results/plots/loss_line_with_parabola_p0.6.png
[2025-12-09 20:15:26] [INFO] Saved train curves for p=0.6: results/plots/train_curves_p0.6.png
[2025-12-09 20:15:26] [INFO] p=0.6 completed (elapsed=0h07m11s, 431.09s)
[2025-12-09 20:15:26] [INFO] ===== p=0.8 =====
[2025-12-09 20:15:26] [INFO] Applying corruption p=0.8
[2025-12-09 20:15:26] [INFO] Corrupted=23999
[2025-12-09 20:15:26] [INFO] Initialized model for p=0.8
[2025-12-09 20:15:31] [INFO] Epoch 1: loss=1.6362, acc=94.67
[2025-12-09 20:15:37] [INFO] Epoch 2: loss=1.5290, acc=95.67
[2025-12-09 20:15:44] [INFO] Epoch 3: loss=1.4983, acc=96.45
[2025-12-09 20:15:50] [INFO] Epoch 4: loss=1.4766, acc=96.90
[2025-12-09 20:15:57] [INFO] Epoch 5: loss=1.4569, acc=96.80
[2025-12-09 20:16:03] [INFO] Epoch 6: loss=1.4382, acc=97.00
[2025-12-09 20:16:03] [INFO] LR halved
[2025-12-09 20:16:09] [INFO] Epoch 7: loss=1.3936, acc=97.16
[2025-12-09 20:16:16] [INFO] Epoch 8: loss=1.3712, acc=96.47
[2025-12-09 20:16:22] [INFO] Epoch 9: loss=1.3476, acc=96.08
[2025-12-09 20:16:28] [INFO] Epoch 10: loss=1.3213, acc=95.69
[2025-12-09 20:16:28] [INFO] Finished training p=0.8: final_train_loss=1.3212748116175335 final_test_acc=0.9569
[2025-12-09 20:21:45] [INFO] Computed 1D curve for p=0.8; alpha_star=8.0
[2025-12-09 20:21:45] [INFO] p=0.8 summary: clean_loss=0.407482 final_acc=0.9569 r_max=8.000000 area=64.000000
[2025-12-09 20:21:45] [INFO] Saved 1D loss line: results/plots/loss_line_p0.8.png
[2025-12-09 20:21:45] [INFO] Saved loss curve with parabola for p=0.8: results/plots/loss_line_with_parabola_p0.8.png
[2025-12-09 20:21:45] [INFO] Saved train curves for p=0.8: results/plots/train_curves_p0.8.png
[2025-12-09 20:21:45] [INFO] p=0.8 completed (elapsed=0h06m18s, 378.85s)
[2025-12-09 20:21:45] [INFO] ===== p=1.0 =====
[2025-12-09 20:21:45] [INFO] Applying corruption p=1.0
[2025-12-09 20:21:45] [INFO] Corrupted=30000
[2025-12-09 20:21:45] [INFO] Initialized model for p=1.0
[2025-12-09 20:21:50] [INFO] Epoch 1: loss=1.8341, acc=94.09
[2025-12-09 20:21:56] [INFO] Epoch 2: loss=1.7449, acc=95.27
[2025-12-09 20:22:01] [INFO] Epoch 3: loss=1.7177, acc=95.55
[2025-12-09 20:22:06] [INFO] Epoch 4: loss=1.6995, acc=96.19
[2025-12-09 20:22:11] [INFO] Epoch 5: loss=1.6806, acc=96.36
[2025-12-09 20:22:16] [INFO] Epoch 6: loss=1.6624, acc=95.97
[2025-12-09 20:22:16] [INFO] LR halved
[2025-12-09 20:22:22] [INFO] Epoch 7: loss=1.6182, acc=96.42
[2025-12-09 20:22:27] [INFO] Epoch 8: loss=1.5943, acc=95.63
[2025-12-09 20:22:32] [INFO] Epoch 9: loss=1.5701, acc=94.81
[2025-12-09 20:22:37] [INFO] Epoch 10: loss=1.5428, acc=94.38
[2025-12-09 20:22:37] [INFO] Finished training p=1.0: final_train_loss=1.5427501204808554 final_test_acc=0.9438
[2025-12-09 20:27:46] [INFO] Computed 1D curve for p=1.0; alpha_star=8.0
[2025-12-09 20:27:46] [INFO] p=1.0 summary: clean_loss=0.520584 final_acc=0.9438 r_max=8.000000 area=64.000000
[2025-12-09 20:27:46] [INFO] Saved 1D loss line: results/plots/loss_line_p1.0.png
[2025-12-09 20:27:46] [INFO] Saved loss curve with parabola for p=1.0: results/plots/loss_line_with_parabola_p1.0.png
[2025-12-09 20:27:46] [INFO] Saved train curves for p=1.0: results/plots/train_curves_p1.0.png
[2025-12-09 20:27:46] [INFO] p=1.0 completed (elapsed=0h06m01s, 361.20s)
[2025-12-09 20:27:46] [INFO] Saved comparison chart: results/plots/comparison_chart.png
[2025-12-09 20:27:46] [INFO] Saved CSV results: results/summary.csv (default)
[2025-12-09 20:27:47] [INFO] Saved combined loss landscapes: results/plots/combined_loss_landscapes.png
[2025-12-09 20:27:47] [INFO] Run complete (elapsed=0h38m20s, 2300.77s)
[2025-12-09 20:30:54] [INFO] Using device: cuda
[2025-12-09 20:30:54] [INFO] Starting run
[2025-12-09 20:30:54] [INFO] Loading MNIST…
[2025-12-09 20:30:54] [INFO] Train=60000, Clean=30000
[2025-12-09 20:30:54] [INFO] Loaded MNIST datasets: train_len=60000, test_len=10000
[2025-12-09 20:30:54] [INFO] ===== p=0.0 =====
[2025-12-09 20:30:54] [INFO] Applying corruption p=0.0
[2025-12-09 20:30:54] [INFO] Initialized model for p=0.0
[2025-12-09 20:30:58] [INFO] Epoch 1: loss=0.3707, acc=95.40
[2025-12-09 20:31:02] [INFO] Epoch 2: loss=0.1261, acc=96.93
[2025-12-09 20:31:07] [INFO] Epoch 3: loss=0.0829, acc=97.40
[2025-12-09 20:31:13] [INFO] Epoch 4: loss=0.0586, acc=97.31
[2025-12-09 20:31:18] [INFO] Epoch 5: loss=0.0451, acc=97.64
[2025-12-09 20:31:23] [INFO] Epoch 6: loss=0.0337, acc=97.57
[2025-12-09 20:31:23] [INFO] LR halved
[2025-12-09 20:31:28] [INFO] Epoch 7: loss=0.0167, acc=98.17
[2025-12-09 20:31:34] [INFO] Epoch 8: loss=0.0116, acc=98.16
[2025-12-09 20:31:39] [INFO] Epoch 9: loss=0.0085, acc=98.32
[2025-12-09 20:31:43] [INFO] Epoch 10: loss=0.0079, acc=98.27
[2025-12-09 20:31:43] [INFO] Finished training p=0.0: final_train_loss=0.007907188965380191 final_test_acc=0.9827
[2026-01-26 20:57:36] [INFO] Using device: cuda
[2026-01-26 20:57:36] [INFO] Starting run
[2026-01-26 20:57:36] [INFO] Loading MNIST…
[2026-01-26 20:57:36] [INFO] Train=60000, Clean=30000
[2026-01-26 20:57:36] [INFO] Loaded MNIST datasets: train_len=60000, test_len=10000
[2026-01-26 20:57:36] [INFO] ===== p=0.0 =====
[2026-01-26 20:57:36] [INFO] Applying corruption p=0.0
[2026-01-26 20:57:36] [INFO] Initialized model for p=0.0
[2026-01-26 20:57:40] [INFO] Epoch 1: loss=0.3693, acc=95.25
[2026-01-26 20:57:43] [INFO] Epoch 2: loss=0.1330, acc=96.41
[2026-01-26 20:57:47] [INFO] Epoch 3: loss=0.0873, acc=97.16
[2026-01-26 20:57:51] [INFO] Epoch 4: loss=0.0616, acc=97.64
[2026-01-26 20:57:56] [INFO] Epoch 5: loss=0.0443, acc=98.15
[2026-01-26 20:58:00] [INFO] Epoch 6: loss=0.0357, acc=97.93
[2026-01-26 20:58:00] [INFO] LR halved
[2026-01-26 20:58:05] [INFO] Epoch 7: loss=0.0171, acc=97.99
[2026-01-26 20:58:09] [INFO] Epoch 8: loss=0.0117, acc=98.17
[2026-01-26 20:58:12] [INFO] Epoch 9: loss=0.0080, acc=98.20
[2026-01-26 20:58:17] [INFO] Epoch 10: loss=0.0063, acc=98.17
[2026-01-26 20:58:17] [INFO] Finished training p=0.0: final_train_loss=0.006346544999380906 final_test_acc=0.9817
[2026-01-26 21:00:41] [INFO] Computed 1D curve for p=0.0; alpha_star=-1.6
[2026-01-26 21:00:41] [INFO] p=0.0 summary: clean_loss=0.004466 final_acc=0.9817 r_max=0.180000 area=0.032400
[2026-01-26 21:00:42] [INFO] Saved 1D loss line: results/plots/loss_line_p0.0.png
[2026-01-26 21:00:42] [INFO] Saved loss curve with parabola for p=0.0: results/plots/loss_line_with_parabola_p0.0.png
[2026-01-26 21:00:42] [INFO] Saved train curves for p=0.0: results/plots/train_curves_p0.0.png
[2026-01-26 21:00:42] [INFO] p=0.0 completed (elapsed=0h03m06s, 186.03s)
[2026-01-26 21:00:42] [INFO] ===== p=0.2 =====
[2026-01-26 21:00:42] [INFO] Applying corruption p=0.2
[2026-01-26 21:00:42] [INFO] Corrupted=5967
[2026-01-26 21:00:42] [INFO] Initialized model for p=0.2
[2026-01-26 21:00:45] [INFO] Epoch 1: loss=0.8407, acc=94.84
[2026-01-26 21:00:49] [INFO] Epoch 2: loss=0.6345, acc=96.80
[2026-01-26 21:00:53] [INFO] Epoch 3: loss=0.5888, acc=97.44
[2026-01-26 21:00:56] [INFO] Epoch 4: loss=0.5586, acc=97.52
[2026-01-26 21:01:00] [INFO] Epoch 5: loss=0.5353, acc=97.73
[2026-01-26 21:01:04] [INFO] Epoch 6: loss=0.5168, acc=97.73
[2026-01-26 21:01:04] [INFO] LR halved
[2026-01-26 21:01:08] [INFO] Epoch 7: loss=0.4773, acc=97.99
[2026-01-26 21:01:12] [INFO] Epoch 8: loss=0.4595, acc=97.87
[2026-01-26 21:01:16] [INFO] Epoch 9: loss=0.4437, acc=97.92
[2026-01-26 21:01:19] [INFO] Epoch 10: loss=0.4264, acc=97.92
[2026-01-26 21:01:19] [INFO] Finished training p=0.2: final_train_loss=0.42637053422927856 final_test_acc=0.9792
[2026-01-26 21:05:15] [INFO] Computed 1D curve for p=0.2; alpha_star=-8.0
[2026-01-26 21:05:15] [INFO] p=0.2 summary: clean_loss=0.091152 final_acc=0.9792 r_max=7.600000 area=57.760000
[2026-01-26 21:05:15] [INFO] Saved 1D loss line: results/plots/loss_line_p0.2.png
[2026-01-26 21:05:15] [INFO] Saved loss curve with parabola for p=0.2: results/plots/loss_line_with_parabola_p0.2.png
[2026-01-26 21:05:15] [INFO] Saved train curves for p=0.2: results/plots/train_curves_p0.2.png
[2026-01-26 21:05:15] [INFO] p=0.2 completed (elapsed=0h04m33s, 273.16s)
[2026-01-26 21:05:15] [INFO] ===== p=0.4 =====
[2026-01-26 21:05:15] [INFO] Applying corruption p=0.4
[2026-01-26 21:05:15] [INFO] Corrupted=11842
[2026-01-26 21:05:15] [INFO] Initialized model for p=0.4
[2026-01-26 21:05:19] [INFO] Epoch 1: loss=1.1369, acc=95.30
[2026-01-26 21:05:23] [INFO] Epoch 2: loss=0.9747, acc=96.67
[2026-01-26 21:05:27] [INFO] Epoch 3: loss=0.9331, acc=97.16
[2026-01-26 21:05:31] [INFO] Epoch 4: loss=0.9051, acc=97.69
[2026-01-26 21:05:35] [INFO] Epoch 5: loss=0.8821, acc=97.57
[2026-01-26 21:05:39] [INFO] Epoch 6: loss=0.8597, acc=97.44
[2026-01-26 21:05:39] [INFO] LR halved
[2026-01-26 21:05:43] [INFO] Epoch 7: loss=0.8145, acc=97.86
[2026-01-26 21:05:47] [INFO] Epoch 8: loss=0.7937, acc=97.66
[2026-01-26 21:05:50] [INFO] Epoch 9: loss=0.7730, acc=97.25
[2026-01-26 21:05:54] [INFO] Epoch 10: loss=0.7495, acc=97.25
[2026-01-26 21:05:54] [INFO] Finished training p=0.4: final_train_loss=0.7495009936968485 final_test_acc=0.9725
[2026-01-26 21:09:53] [INFO] Computed 1D curve for p=0.4; alpha_star=8.0
[2026-01-26 21:09:53] [INFO] p=0.4 summary: clean_loss=0.193444 final_acc=0.9725 r_max=3.600000 area=12.960000
[2026-01-26 21:09:53] [INFO] Saved 1D loss line: results/plots/loss_line_p0.4.png
[2026-01-26 21:09:54] [INFO] Saved loss curve with parabola for p=0.4: results/plots/loss_line_with_parabola_p0.4.png
[2026-01-26 21:09:54] [INFO] Saved train curves for p=0.4: results/plots/train_curves_p0.4.png
[2026-01-26 21:09:54] [INFO] p=0.4 completed (elapsed=0h04m38s, 278.39s)
[2026-01-26 21:09:54] [INFO] ===== p=0.6 =====
[2026-01-26 21:09:54] [INFO] Applying corruption p=0.6
[2026-01-26 21:09:54] [INFO] Corrupted=17987
[2026-01-26 21:09:54] [INFO] Initialized model for p=0.6
[2026-01-26 21:09:59] [INFO] Epoch 1: loss=1.4175, acc=94.98
[2026-01-26 21:10:03] [INFO] Epoch 2: loss=1.2804, acc=96.11
[2026-01-26 21:10:07] [INFO] Epoch 3: loss=1.2427, acc=96.59
[2026-01-26 21:10:11] [INFO] Epoch 4: loss=1.2167, acc=97.05
[2026-01-26 21:10:15] [INFO] Epoch 5: loss=1.1947, acc=97.28
[2026-01-26 21:10:19] [INFO] Epoch 6: loss=1.1732, acc=97.35
[2026-01-26 21:10:19] [INFO] LR halved
[2026-01-26 21:10:23] [INFO] Epoch 7: loss=1.1275, acc=97.23
[2026-01-26 21:10:27] [INFO] Epoch 8: loss=1.1049, acc=97.36
[2026-01-26 21:10:32] [INFO] Epoch 9: loss=1.0831, acc=96.93
[2026-01-26 21:10:37] [INFO] Epoch 10: loss=1.0582, acc=96.80
[2026-01-26 21:10:37] [INFO] Finished training p=0.6: final_train_loss=1.0582146423975627 final_test_acc=0.968
[2026-01-26 21:15:34] [INFO] Computed 1D curve for p=0.6; alpha_star=8.0
[2026-01-26 21:15:34] [INFO] p=0.6 summary: clean_loss=0.284397 final_acc=0.9680 r_max=8.000000 area=64.000000
[2026-01-26 21:15:34] [INFO] Saved 1D loss line: results/plots/loss_line_p0.6.png
[2026-01-26 21:15:34] [INFO] Saved loss curve with parabola for p=0.6: results/plots/loss_line_with_parabola_p0.6.png
[2026-01-26 21:15:35] [INFO] Saved train curves for p=0.6: results/plots/train_curves_p0.6.png
[2026-01-26 21:15:35] [INFO] p=0.6 completed (elapsed=0h05m40s, 340.77s)
[2026-01-26 21:15:35] [INFO] ===== p=0.8 =====
[2026-01-26 21:15:35] [INFO] Applying corruption p=0.8
[2026-01-26 21:15:35] [INFO] Corrupted=23999
[2026-01-26 21:15:35] [INFO] Initialized model for p=0.8
[2026-01-26 21:15:39] [INFO] Epoch 1: loss=1.6362, acc=94.67
[2026-01-26 21:15:44] [INFO] Epoch 2: loss=1.5290, acc=95.67
[2026-01-26 21:15:49] [INFO] Epoch 3: loss=1.4983, acc=96.45
[2026-01-26 21:15:54] [INFO] Epoch 4: loss=1.4766, acc=96.90
[2026-01-26 21:15:59] [INFO] Epoch 5: loss=1.4569, acc=96.80
[2026-01-26 21:16:03] [INFO] Epoch 6: loss=1.4382, acc=97.00
[2026-01-26 21:16:03] [INFO] LR halved
[2026-01-26 21:16:08] [INFO] Epoch 7: loss=1.3936, acc=97.16
[2026-01-26 21:16:13] [INFO] Epoch 8: loss=1.3712, acc=96.47
[2026-01-26 21:16:18] [INFO] Epoch 9: loss=1.3476, acc=96.08
[2026-01-26 21:16:23] [INFO] Epoch 10: loss=1.3213, acc=95.69
[2026-01-26 21:16:23] [INFO] Finished training p=0.8: final_train_loss=1.3212748116175335 final_test_acc=0.9569
[2026-01-26 21:21:14] [INFO] Computed 1D curve for p=0.8; alpha_star=8.0
[2026-01-26 21:21:14] [INFO] p=0.8 summary: clean_loss=0.407482 final_acc=0.9569 r_max=8.000000 area=64.000000
[2026-01-26 21:21:14] [INFO] Saved 1D loss line: results/plots/loss_line_p0.8.png
[2026-01-26 21:21:14] [INFO] Saved loss curve with parabola for p=0.8: results/plots/loss_line_with_parabola_p0.8.png
[2026-01-26 21:21:14] [INFO] Saved train curves for p=0.8: results/plots/train_curves_p0.8.png
[2026-01-26 21:21:14] [INFO] p=0.8 completed (elapsed=0h05m39s, 339.80s)
[2026-01-26 21:21:14] [INFO] ===== p=1.0 =====
[2026-01-26 21:21:14] [INFO] Applying corruption p=1.0
[2026-01-26 21:21:14] [INFO] Corrupted=30000
[2026-01-26 21:21:14] [INFO] Initialized model for p=1.0
[2026-01-26 21:21:19] [INFO] Epoch 1: loss=1.8341, acc=94.09
[2026-01-26 21:21:24] [INFO] Epoch 2: loss=1.7449, acc=95.27
[2026-01-26 21:21:28] [INFO] Epoch 3: loss=1.7177, acc=95.55
[2026-01-26 21:21:33] [INFO] Epoch 4: loss=1.6995, acc=96.19
[2026-01-26 21:21:38] [INFO] Epoch 5: loss=1.6806, acc=96.36
[2026-01-26 21:21:42] [INFO] Epoch 6: loss=1.6624, acc=95.97
[2026-01-26 21:21:42] [INFO] LR halved
[2026-01-26 21:21:46] [INFO] Epoch 7: loss=1.6182, acc=96.42
[2026-01-26 21:21:50] [INFO] Epoch 8: loss=1.5943, acc=95.63
[2026-01-26 21:21:54] [INFO] Epoch 9: loss=1.5701, acc=94.81
[2026-01-26 21:21:58] [INFO] Epoch 10: loss=1.5428, acc=94.38
[2026-01-26 21:21:58] [INFO] Finished training p=1.0: final_train_loss=1.5427501204808554 final_test_acc=0.9438
[2026-01-26 21:26:21] [INFO] Computed 1D curve for p=1.0; alpha_star=8.0
[2026-01-26 21:26:21] [INFO] p=1.0 summary: clean_loss=0.520584 final_acc=0.9438 r_max=8.000000 area=64.000000
[2026-01-26 21:26:21] [INFO] Saved 1D loss line: results/plots/loss_line_p1.0.png
[2026-01-26 21:26:21] [INFO] Saved loss curve with parabola for p=1.0: results/plots/loss_line_with_parabola_p1.0.png
[2026-01-26 21:26:21] [INFO] Saved train curves for p=1.0: results/plots/train_curves_p1.0.png
[2026-01-26 21:26:21] [INFO] p=1.0 completed (elapsed=0h05m06s, 306.93s)
[2026-01-26 21:26:21] [INFO] Saved comparison chart: results/plots/comparison_chart.png
[2026-01-26 21:26:21] [INFO] Saved CSV results: results/summary.csv (default)
[2026-01-26 21:26:22] [INFO] Saved combined loss landscapes: results/plots/combined_loss_landscapes.png
[2026-01-26 21:26:22] [INFO] Run complete (elapsed=0h28m45s, 1725.50s)
[2026-01-26 21:34:17] [INFO] Using device: cuda
[2026-01-26 21:34:17] [INFO] Starting run
[2026-01-26 21:34:17] [INFO] Loading MNIST…
[2026-01-26 21:34:17] [INFO] Train=60000, Clean=30000
[2026-01-26 21:34:17] [INFO] Loaded MNIST datasets: train_len=60000, test_len=10000
[2026-01-26 21:34:17] [INFO] ===== p=0.0 =====
[2026-01-26 21:34:17] [INFO] Applying corruption p=0.0
[2026-01-26 21:34:17] [INFO] Initialized model for p=0.0
[2026-01-26 21:34:20] [INFO] Epoch 1: loss=0.3692, acc=94.92
[2026-01-26 21:34:23] [INFO] Epoch 2: loss=0.1242, acc=96.78
[2026-01-26 21:34:27] [INFO] Epoch 3: loss=0.0823, acc=97.41
[2026-01-26 21:34:32] [INFO] Epoch 4: loss=0.0560, acc=97.53
[2026-01-26 21:34:36] [INFO] Epoch 5: loss=0.0417, acc=97.81
[2026-01-26 21:34:41] [INFO] Epoch 6: loss=0.0321, acc=98.03
[2026-01-26 21:34:41] [INFO] LR halved
[2026-01-26 21:34:46] [INFO] Epoch 7: loss=0.0150, acc=98.25
[2026-01-26 21:34:51] [INFO] Epoch 8: loss=0.0103, acc=98.12
[2026-01-26 21:34:56] [INFO] Epoch 9: loss=0.0075, acc=98.01
[2026-01-26 21:35:01] [INFO] Epoch 10: loss=0.0068, acc=98.31
[2026-01-26 21:35:01] [INFO] Finished training p=0.0: final_train_loss=0.0067843827917551 final_test_acc=0.9831
[2026-01-26 21:38:00] [INFO] Computed 1D curve for p=0.0; alpha_star=1.8000000000000003
[2026-01-26 21:38:00] [INFO] p=0.0 summary: clean_loss=0.003879 final_acc=0.9831 r_max=0.140000 area=0.019600
[2026-01-26 21:38:00] [INFO] Saved 1D loss line: results/plots/loss_line_p0.0.png
[2026-01-26 21:38:00] [INFO] Saved loss curve with parabola for p=0.0: results/plots/loss_line_with_parabola_p0.0.png
[2026-01-26 21:38:01] [INFO] Saved train curves for p=0.0: results/plots/train_curves_p0.0.png
[2026-01-26 21:38:01] [INFO] p=0.0 completed (elapsed=0h03m43s, 223.87s)
[2026-01-26 21:38:01] [INFO] ===== p=0.2 =====
[2026-01-26 21:38:01] [INFO] Applying corruption p=0.2
[2026-01-26 21:38:01] [INFO] Corrupted=5967
[2026-01-26 21:38:01] [INFO] Initialized model for p=0.2
[2026-01-26 21:38:05] [INFO] Epoch 1: loss=0.8407, acc=94.84
[2026-01-26 21:38:10] [INFO] Epoch 2: loss=0.6345, acc=96.80
[2026-01-26 21:38:15] [INFO] Epoch 3: loss=0.5888, acc=97.44
[2026-01-26 21:38:20] [INFO] Epoch 4: loss=0.5586, acc=97.52
[2026-01-26 21:38:24] [INFO] Epoch 5: loss=0.5353, acc=97.73
[2026-01-26 21:38:29] [INFO] Epoch 6: loss=0.5168, acc=97.73
[2026-01-26 21:38:29] [INFO] LR halved
[2026-01-26 21:38:34] [INFO] Epoch 7: loss=0.4773, acc=97.99
[2026-01-26 21:38:38] [INFO] Epoch 8: loss=0.4595, acc=97.87
[2026-01-26 21:38:43] [INFO] Epoch 9: loss=0.4437, acc=97.92
[2026-01-26 21:38:48] [INFO] Epoch 10: loss=0.4264, acc=97.92
[2026-01-26 21:38:48] [INFO] Finished training p=0.2: final_train_loss=0.42637053422927856 final_test_acc=0.9792
[2026-01-26 21:43:40] [INFO] Computed 1D curve for p=0.2; alpha_star=-8.0
[2026-01-26 21:43:40] [INFO] p=0.2 summary: clean_loss=0.091152 final_acc=0.9792 r_max=7.600000 area=57.760000
[2026-01-26 21:43:40] [INFO] Saved 1D loss line: results/plots/loss_line_p0.2.png
[2026-01-26 21:43:40] [INFO] Saved loss curve with parabola for p=0.2: results/plots/loss_line_with_parabola_p0.2.png
[2026-01-26 21:43:40] [INFO] Saved train curves for p=0.2: results/plots/train_curves_p0.2.png
[2026-01-26 21:43:40] [INFO] p=0.2 completed (elapsed=0h05m39s, 339.72s)
[2026-01-26 21:43:40] [INFO] ===== p=0.4 =====
[2026-01-26 21:43:40] [INFO] Applying corruption p=0.4
[2026-01-26 21:43:40] [INFO] Corrupted=11842
[2026-01-26 21:43:40] [INFO] Initialized model for p=0.4
[2026-01-26 21:43:45] [INFO] Epoch 1: loss=1.1369, acc=95.30
[2026-01-26 21:43:50] [INFO] Epoch 2: loss=0.9747, acc=96.67
[2026-01-26 21:43:55] [INFO] Epoch 3: loss=0.9331, acc=97.16
[2026-01-26 21:44:00] [INFO] Epoch 4: loss=0.9051, acc=97.69
[2026-01-26 21:44:05] [INFO] Epoch 5: loss=0.8821, acc=97.57
[2026-01-26 21:44:10] [INFO] Epoch 6: loss=0.8597, acc=97.44
[2026-01-26 21:44:10] [INFO] LR halved
[2026-01-26 21:44:15] [INFO] Epoch 7: loss=0.8145, acc=97.86
[2026-01-26 21:44:20] [INFO] Epoch 8: loss=0.7937, acc=97.66
[2026-01-26 21:44:25] [INFO] Epoch 9: loss=0.7730, acc=97.25
[2026-01-26 21:44:30] [INFO] Epoch 10: loss=0.7495, acc=97.25
[2026-01-26 21:44:30] [INFO] Finished training p=0.4: final_train_loss=0.7495009936968485 final_test_acc=0.9725
[2026-01-26 21:49:34] [INFO] Computed 1D curve for p=0.4; alpha_star=8.0
[2026-01-26 21:49:34] [INFO] p=0.4 summary: clean_loss=0.193444 final_acc=0.9725 r_max=3.600000 area=12.960000
[2026-01-26 21:49:34] [INFO] Saved 1D loss line: results/plots/loss_line_p0.4.png
[2026-01-26 21:49:34] [INFO] Saved loss curve with parabola for p=0.4: results/plots/loss_line_with_parabola_p0.4.png
[2026-01-26 21:49:35] [INFO] Saved train curves for p=0.4: results/plots/train_curves_p0.4.png
[2026-01-26 21:49:35] [INFO] p=0.4 completed (elapsed=0h05m54s, 354.27s)
[2026-01-26 21:49:35] [INFO] ===== p=0.6 =====
[2026-01-26 21:49:35] [INFO] Applying corruption p=0.6
[2026-01-26 21:49:35] [INFO] Corrupted=17987
[2026-01-26 21:49:35] [INFO] Initialized model for p=0.6
[2026-01-26 21:49:38] [INFO] Epoch 1: loss=1.4175, acc=94.98
[2026-01-26 21:49:42] [INFO] Epoch 2: loss=1.2804, acc=96.11
[2026-01-26 21:49:46] [INFO] Epoch 3: loss=1.2427, acc=96.59
[2026-01-26 21:49:50] [INFO] Epoch 4: loss=1.2167, acc=97.05
[2026-01-26 21:49:54] [INFO] Epoch 5: loss=1.1947, acc=97.28
[2026-01-26 21:49:58] [INFO] Epoch 6: loss=1.1732, acc=97.35
[2026-01-26 21:49:58] [INFO] LR halved
[2026-01-26 21:50:03] [INFO] Epoch 7: loss=1.1275, acc=97.23
[2026-01-26 21:50:09] [INFO] Epoch 8: loss=1.1049, acc=97.36
[2026-01-26 21:50:15] [INFO] Epoch 9: loss=1.0831, acc=96.93
[2026-01-26 21:50:20] [INFO] Epoch 10: loss=1.0582, acc=96.80
[2026-01-26 21:50:20] [INFO] Finished training p=0.6: final_train_loss=1.0582146423975627 final_test_acc=0.968
[2026-01-26 21:55:37] [INFO] Computed 1D curve for p=0.6; alpha_star=8.0
[2026-01-26 21:55:37] [INFO] p=0.6 summary: clean_loss=0.284397 final_acc=0.9680 r_max=8.000000 area=64.000000
[2026-01-26 21:55:37] [INFO] Saved 1D loss line: results/plots/loss_line_p0.6.png
[2026-01-26 21:55:37] [INFO] Saved loss curve with parabola for p=0.6: results/plots/loss_line_with_parabola_p0.6.png
[2026-01-26 21:55:37] [INFO] Saved train curves for p=0.6: results/plots/train_curves_p0.6.png
[2026-01-26 21:55:37] [INFO] p=0.6 completed (elapsed=0h06m02s, 362.67s)
[2026-01-26 21:55:37] [INFO] ===== p=0.8 =====
[2026-01-26 21:55:37] [INFO] Applying corruption p=0.8
[2026-01-26 21:55:37] [INFO] Corrupted=23999
[2026-01-26 21:55:37] [INFO] Initialized model for p=0.8
[2026-01-26 21:55:42] [INFO] Epoch 1: loss=1.6362, acc=94.67
[2026-01-26 21:55:48] [INFO] Epoch 2: loss=1.5290, acc=95.67
[2026-01-26 21:55:52] [INFO] Epoch 3: loss=1.4983, acc=96.45
[2026-01-26 21:55:57] [INFO] Epoch 4: loss=1.4766, acc=96.90
[2026-01-26 21:56:02] [INFO] Epoch 5: loss=1.4569, acc=96.80
[2026-01-26 21:56:07] [INFO] Epoch 6: loss=1.4382, acc=97.00
[2026-01-26 21:56:07] [INFO] LR halved
[2026-01-26 21:56:10] [INFO] Epoch 7: loss=1.3936, acc=97.16
[2026-01-26 21:56:15] [INFO] Epoch 8: loss=1.3712, acc=96.47
[2026-01-26 21:56:20] [INFO] Epoch 9: loss=1.3476, acc=96.08
[2026-01-26 21:56:24] [INFO] Epoch 10: loss=1.3213, acc=95.69
[2026-01-26 21:56:24] [INFO] Finished training p=0.8: final_train_loss=1.3212748116175335 final_test_acc=0.9569
[2026-01-26 21:57:45] [INFO] Using device: cuda
[2026-01-26 21:57:45] [INFO] Starting run
[2026-01-26 21:57:45] [INFO] Loading MNIST…
[2026-01-26 21:57:46] [INFO] Train=60000, Clean=30000
[2026-01-26 21:57:46] [INFO] Loaded MNIST datasets: train_len=60000, test_len=10000
[2026-01-26 21:57:46] [INFO] ===== p=0.0 =====
[2026-01-26 21:57:46] [INFO] Applying corruption p=0.0
[2026-01-26 21:57:46] [INFO] Initialized model for p=0.0
[2026-01-26 21:57:49] [INFO] Epoch 1: loss=0.3674, acc=95.09
[2026-01-26 21:57:52] [INFO] Epoch 2: loss=0.1327, acc=96.79
[2026-01-26 21:58:00] [INFO] Using device: cuda
[2026-01-26 21:58:00] [INFO] Starting run
[2026-01-26 21:58:00] [INFO] Loading MNIST…
[2026-01-26 21:58:00] [INFO] Train=60000, Clean=30000
[2026-01-26 21:58:00] [INFO] Loaded MNIST datasets: train_len=60000, test_len=10000
[2026-01-26 21:58:00] [INFO] ===== p=0.6 =====
[2026-01-26 21:58:00] [INFO] Applying corruption p=0.6
[2026-01-26 21:58:01] [INFO] Corrupted=17987
[2026-01-26 21:58:01] [INFO] Initialized model for p=0.6
[2026-01-26 21:58:04] [INFO] Epoch 1: loss=1.4308, acc=94.83
[2026-01-26 21:58:07] [INFO] Epoch 2: loss=1.2803, acc=95.83
[2026-01-26 21:58:11] [INFO] Epoch 3: loss=1.2420, acc=96.75
[2026-01-26 21:58:15] [INFO] Epoch 4: loss=1.2173, acc=97.07
[2026-01-26 21:58:20] [INFO] Epoch 5: loss=1.1950, acc=97.31
[2026-01-26 21:58:24] [INFO] Epoch 6: loss=1.1756, acc=96.88
[2026-01-26 21:58:24] [INFO] LR halved
[2026-01-26 21:58:29] [INFO] Epoch 7: loss=1.1302, acc=97.49
[2026-01-26 21:58:33] [INFO] Epoch 8: loss=1.1103, acc=97.16
[2026-01-26 21:58:37] [INFO] Epoch 9: loss=1.0885, acc=97.20
[2026-01-26 21:58:42] [INFO] Epoch 10: loss=1.0658, acc=96.78
[2026-01-26 21:58:42] [INFO] Finished training p=0.6: final_train_loss=1.0657509238560994 final_test_acc=0.9678
[2026-01-26 22:03:33] [INFO] Computed 1D curve for p=0.6; alpha_star=8.0
[2026-01-26 22:03:33] [INFO] p=0.6 summary: clean_loss=0.266358 final_acc=0.9678 r_max=4.800000 area=23.040000
[2026-01-26 22:03:33] [INFO] Saved 1D loss line: results/plots/loss_line_p0.6.png
[2026-01-26 22:03:33] [INFO] Saved loss curve with parabola for p=0.6: results/plots/loss_line_with_parabola_p0.6.png
[2026-01-26 22:03:33] [INFO] Saved train curves for p=0.6: results/plots/train_curves_p0.6.png
[2026-01-26 22:03:33] [INFO] p=0.6 completed (elapsed=0h05m32s, 332.61s)
[2026-01-26 22:03:33] [INFO] Saved comparison chart: results/plots/comparison_chart.png
[2026-01-26 22:03:33] [INFO] Saved CSV results: results/summary.csv (default)
[2026-01-26 22:03:34] [INFO] Saved combined loss landscapes: results/plots/combined_loss_landscapes.png
[2026-01-26 22:03:34] [INFO] Run complete (elapsed=0h05m33s, 333.06s)
[2026-01-26 22:04:40] [INFO] Using device: cuda
[2026-01-26 22:04:40] [INFO] Starting run
[2026-01-26 22:04:40] [INFO] Loading MNIST…
[2026-01-26 22:04:40] [INFO] Train=60000, Clean=30000
[2026-01-26 22:04:40] [INFO] Loaded MNIST datasets: train_len=60000, test_len=10000
[2026-01-26 22:04:40] [INFO] ===== p=0.0 =====
[2026-01-26 22:04:40] [INFO] Applying corruption p=0.0
[2026-01-26 22:04:40] [INFO] Initialized model for p=0.0
[2026-01-26 22:04:43] [INFO] Epoch 1: loss=0.3652, acc=95.10
[2026-01-26 22:04:47] [INFO] Epoch 2: loss=0.1230, acc=96.27
[2026-01-26 22:04:50] [INFO] Epoch 3: loss=0.0829, acc=97.42
[2026-01-26 22:04:55] [INFO] Epoch 4: loss=0.0576, acc=97.84
[2026-01-26 22:04:59] [INFO] Epoch 5: loss=0.0453, acc=97.86
[2026-01-26 22:05:04] [INFO] Epoch 6: loss=0.0330, acc=97.74
[2026-01-26 22:05:04] [INFO] LR halved
[2026-01-26 22:05:08] [INFO] Epoch 7: loss=0.0157, acc=98.08
[2026-01-26 22:05:14] [INFO] Epoch 8: loss=0.0103, acc=98.10
[2026-01-26 22:05:19] [INFO] Epoch 9: loss=0.0084, acc=98.23
[2026-01-26 22:05:26] [INFO] Epoch 10: loss=0.0064, acc=98.13
[2026-01-26 22:05:26] [INFO] Finished training p=0.0: final_train_loss=0.006436782973011335 final_test_acc=0.9813
[2026-01-26 22:07:31] [INFO] Computed 1D curve for p=0.0; alpha_star=0.75
[2026-01-26 22:07:31] [INFO] p=0.0 summary: clean_loss=0.003854 final_acc=0.9813 r_max=0.125000 area=0.015625
[2026-01-26 22:07:31] [INFO] Saved 1D loss line: results/plots/loss_line_p0.0.png
[2026-01-26 22:07:31] [INFO] Saved loss curve with parabola for p=0.0: results/plots/loss_line_with_parabola_p0.0.png
[2026-01-26 22:07:31] [INFO] Saved train curves for p=0.0: results/plots/train_curves_p0.0.png
[2026-01-26 22:07:31] [INFO] p=0.0 completed (elapsed=0h02m50s, 170.97s)
[2026-01-26 22:07:31] [INFO] ===== p=0.2 =====
[2026-01-26 22:07:31] [INFO] Applying corruption p=0.2
[2026-01-26 22:07:31] [INFO] Corrupted=5967
[2026-01-26 22:07:31] [INFO] Initialized model for p=0.2
[2026-01-26 22:07:36] [INFO] Epoch 1: loss=0.8290, acc=95.32
[2026-01-26 22:07:42] [INFO] Epoch 2: loss=0.6308, acc=96.72
[2026-01-26 22:07:47] [INFO] Epoch 3: loss=0.5874, acc=97.36
[2026-01-26 22:07:53] [INFO] Epoch 4: loss=0.5569, acc=97.63
[2026-01-26 22:07:58] [INFO] Epoch 5: loss=0.5347, acc=97.81
[2026-01-26 22:08:04] [INFO] Epoch 6: loss=0.5160, acc=97.78
[2026-01-26 22:08:04] [INFO] LR halved
[2026-01-26 22:08:09] [INFO] Epoch 7: loss=0.4762, acc=98.01
[2026-01-26 22:08:15] [INFO] Epoch 8: loss=0.4593, acc=98.00
[2026-01-26 22:08:20] [INFO] Epoch 9: loss=0.4443, acc=97.59
[2026-01-26 22:08:26] [INFO] Epoch 10: loss=0.4263, acc=97.55
[2026-01-26 22:08:26] [INFO] Finished training p=0.2: final_train_loss=0.42625064107577004 final_test_acc=0.9755
[2026-01-26 22:10:49] [INFO] Using device: cuda
[2026-01-26 22:10:49] [INFO] Starting run
[2026-01-26 22:10:49] [INFO] Loading MNIST…
[2026-01-26 22:10:49] [INFO] Train=60000, Clean=30000
[2026-01-26 22:10:49] [INFO] Loaded MNIST datasets: train_len=60000, test_len=10000
[2026-01-26 22:10:49] [INFO] ===== p=0.0 =====
[2026-01-26 22:10:49] [INFO] Applying corruption p=0.0
[2026-01-26 22:10:49] [INFO] Initialized model for p=0.0
[2026-01-26 22:10:53] [INFO] Epoch 1: loss=0.3500, acc=95.45
[2026-01-26 22:10:56] [INFO] Epoch 2: loss=0.1254, acc=96.72
[2026-01-26 22:11:00] [INFO] Epoch 3: loss=0.0802, acc=97.49
[2026-01-26 22:11:04] [INFO] Epoch 4: loss=0.0573, acc=97.65
[2026-01-26 22:11:09] [INFO] Epoch 5: loss=0.0435, acc=97.58
[2026-01-26 22:11:13] [INFO] Epoch 6: loss=0.0346, acc=97.82
[2026-01-26 22:11:13] [INFO] LR halved
[2026-01-26 22:11:17] [INFO] Epoch 7: loss=0.0157, acc=98.22
[2026-01-26 22:11:21] [INFO] Epoch 8: loss=0.0102, acc=98.36
[2026-01-26 22:11:26] [INFO] Epoch 9: loss=0.0076, acc=98.10
[2026-01-26 22:11:30] [INFO] Epoch 10: loss=0.0070, acc=98.06
[2026-01-26 22:11:30] [INFO] Finished training p=0.0: final_train_loss=0.0069520497880876065 final_test_acc=0.9806
[2026-01-26 22:14:37] [INFO] Computed 1D curve for p=0.0; alpha_star=-3.0
[2026-01-26 22:14:37] [INFO] p=0.0 summary: clean_loss=0.010071 final_acc=0.9806 r_max=0.500000 area=0.250000
[2026-01-26 22:14:37] [INFO] Saved 1D loss line: results/plots/loss_line_p0.0.png
[2026-01-26 22:14:37] [INFO] Saved loss curve with parabola for p=0.0: results/plots/loss_line_with_parabola_p0.0.png
[2026-01-26 22:14:37] [INFO] Saved train curves for p=0.0: results/plots/train_curves_p0.0.png
[2026-01-26 22:14:37] [INFO] p=0.0 completed (elapsed=0h03m47s, 227.66s)
[2026-01-26 22:14:37] [INFO] ===== p=0.2 =====
[2026-01-26 22:14:37] [INFO] Applying corruption p=0.2
[2026-01-26 22:14:37] [INFO] Corrupted=5967
[2026-01-26 22:14:37] [INFO] Initialized model for p=0.2
[2026-01-26 22:14:41] [INFO] Epoch 1: loss=0.8247, acc=95.50
[2026-01-26 22:14:45] [INFO] Epoch 2: loss=0.6263, acc=96.66
[2026-01-26 22:14:49] [INFO] Epoch 3: loss=0.5821, acc=97.43
[2026-01-26 22:14:53] [INFO] Epoch 4: loss=0.5536, acc=97.48
[2026-01-26 22:14:57] [INFO] Epoch 5: loss=0.5322, acc=97.73
[2026-01-26 22:15:01] [INFO] Epoch 6: loss=0.5131, acc=97.72
[2026-01-26 22:15:01] [INFO] LR halved
[2026-01-26 22:15:04] [INFO] Epoch 7: loss=0.4741, acc=97.82
[2026-01-26 22:15:23] [INFO] Using device: cuda
[2026-01-26 22:15:23] [INFO] Starting run
[2026-01-26 22:15:23] [INFO] Loading MNIST…
[2026-01-26 22:15:23] [INFO] Train=60000, Clean=30000
[2026-01-26 22:15:23] [INFO] Loaded MNIST datasets: train_len=60000, test_len=10000
[2026-01-26 22:15:23] [INFO] ===== p=0.0 =====
[2026-01-26 22:15:23] [INFO] Applying corruption p=0.0
[2026-01-26 22:15:23] [INFO] Initialized model for p=0.0
[2026-01-26 22:15:26] [INFO] Epoch 1: loss=0.3767, acc=95.73
[2026-01-26 22:15:29] [INFO] Epoch 2: loss=0.1261, acc=96.90
[2026-01-26 22:15:33] [INFO] Epoch 3: loss=0.0814, acc=97.21
[2026-01-26 22:15:37] [INFO] Epoch 4: loss=0.0557, acc=97.78
[2026-01-26 22:15:42] [INFO] Epoch 5: loss=0.0428, acc=97.94
[2026-01-26 22:15:46] [INFO] Epoch 6: loss=0.0325, acc=98.08
[2026-01-26 22:15:46] [INFO] LR halved
[2026-01-26 22:15:51] [INFO] Epoch 7: loss=0.0142, acc=98.22
[2026-01-26 22:15:55] [INFO] Epoch 8: loss=0.0091, acc=98.23
[2026-01-26 22:16:00] [INFO] Epoch 9: loss=0.0077, acc=98.23
[2026-01-26 22:16:04] [INFO] Epoch 10: loss=0.0070, acc=98.21
[2026-01-26 22:16:04] [INFO] Finished training p=0.0: final_train_loss=0.007014504790585488 final_test_acc=0.9821
[2026-01-26 22:19:58] [INFO] Computed 1D curve for p=0.0; alpha_star=4.800000000000001
[2026-01-26 22:19:58] [INFO] p=0.0 summary: clean_loss=0.003846 final_acc=0.9821 r_max=1.600000 area=2.560000
[2026-01-26 22:19:58] [INFO] Saved 1D loss line: results/plots/loss_line_p0.0.png
[2026-01-26 22:19:58] [INFO] Saved loss curve with parabola for p=0.0: results/plots/loss_line_with_parabola_p0.0.png
[2026-01-26 22:19:59] [INFO] Saved train curves for p=0.0: results/plots/train_curves_p0.0.png
[2026-01-26 22:19:59] [INFO] p=0.0 completed (elapsed=0h04m35s, 275.78s)
[2026-01-26 22:19:59] [INFO] Saved comparison chart: results/plots/comparison_chart.png
[2026-01-26 22:19:59] [INFO] Saved CSV results: results/summary.csv (default)
[2026-01-26 22:19:59] [INFO] Saved combined loss landscapes: results/plots/combined_loss_landscapes.png
[2026-01-26 22:19:59] [INFO] Run complete (elapsed=0h04m36s, 276.19s)
[2026-01-26 22:21:04] [INFO] Using device: cuda
[2026-01-26 22:21:04] [INFO] Starting run
[2026-01-26 22:21:04] [INFO] Loading MNIST…
[2026-01-26 22:21:04] [INFO] Train=60000, Clean=30000
[2026-01-26 22:21:04] [INFO] Loaded MNIST datasets: train_len=60000, test_len=10000
[2026-01-26 22:21:04] [INFO] ===== p=0.0 =====
[2026-01-26 22:21:04] [INFO] Applying corruption p=0.0
[2026-01-26 22:21:05] [INFO] Initialized model for p=0.0
[2026-01-26 22:21:08] [INFO] Epoch 1: loss=0.3882, acc=94.58
[2026-01-26 22:21:11] [INFO] Epoch 2: loss=0.1349, acc=96.31
[2026-01-26 22:21:14] [INFO] Epoch 3: loss=0.0870, acc=97.38
[2026-01-26 22:21:19] [INFO] Epoch 4: loss=0.0624, acc=97.38
[2026-01-26 22:21:23] [INFO] Epoch 5: loss=0.0460, acc=97.40
[2026-01-26 22:21:27] [INFO] Epoch 6: loss=0.0369, acc=97.80
[2026-01-26 22:21:27] [INFO] LR halved
[2026-01-26 22:21:32] [INFO] Epoch 7: loss=0.0180, acc=98.08
[2026-01-26 22:21:36] [INFO] Epoch 8: loss=0.0133, acc=98.13
[2026-01-26 22:21:40] [INFO] Epoch 9: loss=0.0094, acc=98.17
[2026-01-26 22:21:45] [INFO] Epoch 10: loss=0.0074, acc=98.10
[2026-01-26 22:21:45] [INFO] Finished training p=0.0: final_train_loss=0.007442150284598271 final_test_acc=0.981
[2026-01-26 22:24:17] [INFO] Computed 1D curve for p=0.0; alpha_star=-1.2999999999999998
[2026-01-26 22:24:17] [INFO] p=0.0 summary: clean_loss=0.006387 final_acc=0.9810 r_max=0.315000 area=0.099225
[2026-01-26 22:24:17] [INFO] Saved 1D loss line: results/plots/loss_line_p0.0.png
[2026-01-26 22:24:17] [INFO] Saved loss curve with parabola for p=0.0: results/plots/loss_line_with_parabola_p0.0.png
[2026-01-26 22:24:18] [INFO] Saved train curves for p=0.0: results/plots/train_curves_p0.0.png
[2026-01-26 22:24:18] [INFO] p=0.0 completed (elapsed=0h03m13s, 193.12s)
[2026-01-26 22:24:18] [INFO] ===== p=0.2 =====
[2026-01-26 22:24:18] [INFO] Applying corruption p=0.2
[2026-01-26 22:24:18] [INFO] Corrupted=5967
[2026-01-26 22:24:18] [INFO] Initialized model for p=0.2
[2026-01-26 22:24:23] [INFO] Epoch 1: loss=0.8407, acc=94.84
[2026-01-26 22:24:27] [INFO] Epoch 2: loss=0.6345, acc=96.80
[2026-01-26 22:24:32] [INFO] Epoch 3: loss=0.5888, acc=97.44
[2026-01-26 22:24:37] [INFO] Epoch 4: loss=0.5586, acc=97.52
[2026-01-26 22:24:42] [INFO] Epoch 5: loss=0.5353, acc=97.73
[2026-01-26 22:24:46] [INFO] Epoch 6: loss=0.5168, acc=97.73
[2026-01-26 22:24:46] [INFO] LR halved
[2026-01-26 22:24:51] [INFO] Epoch 7: loss=0.4773, acc=97.99
[2026-01-26 22:24:56] [INFO] Epoch 8: loss=0.4595, acc=97.87
[2026-01-26 22:25:01] [INFO] Epoch 9: loss=0.4437, acc=97.92
[2026-01-26 22:25:05] [INFO] Epoch 10: loss=0.4264, acc=97.92
[2026-01-26 22:25:05] [INFO] Finished training p=0.2: final_train_loss=0.42637053422927856 final_test_acc=0.9792
[2026-01-26 22:29:16] [INFO] Computed 1D curve for p=0.2; alpha_star=-8.0
[2026-01-26 22:29:16] [INFO] p=0.2 summary: clean_loss=0.091152 final_acc=0.9792 r_max=7.600000 area=57.760000
[2026-01-26 22:29:16] [INFO] Saved 1D loss line: results/plots/loss_line_p0.2.png
[2026-01-26 22:29:16] [INFO] Saved loss curve with parabola for p=0.2: results/plots/loss_line_with_parabola_p0.2.png
[2026-01-26 22:29:16] [INFO] Saved train curves for p=0.2: results/plots/train_curves_p0.2.png
[2026-01-26 22:29:16] [INFO] p=0.2 completed (elapsed=0h04m58s, 298.87s)
[2026-01-26 22:29:16] [INFO] ===== p=0.4 =====
[2026-01-26 22:29:16] [INFO] Applying corruption p=0.4
[2026-01-26 22:29:16] [INFO] Corrupted=11842
[2026-01-26 22:29:16] [INFO] Initialized model for p=0.4
[2026-01-26 22:29:21] [INFO] Epoch 1: loss=1.1369, acc=95.30
[2026-01-26 22:29:25] [INFO] Epoch 2: loss=0.9747, acc=96.67
[2026-01-26 22:29:30] [INFO] Epoch 3: loss=0.9331, acc=97.16
[2026-01-26 22:29:34] [INFO] Epoch 4: loss=0.9051, acc=97.69
[2026-01-26 22:29:38] [INFO] Epoch 5: loss=0.8821, acc=97.57
[2026-01-26 22:29:43] [INFO] Epoch 6: loss=0.8597, acc=97.44
[2026-01-26 22:29:43] [INFO] LR halved
[2026-01-26 22:29:47] [INFO] Epoch 7: loss=0.8145, acc=97.86
[2026-01-26 22:29:51] [INFO] Epoch 8: loss=0.7937, acc=97.66
[2026-01-26 22:29:56] [INFO] Epoch 9: loss=0.7730, acc=97.25
[2026-01-26 22:30:00] [INFO] Epoch 10: loss=0.7495, acc=97.25
[2026-01-26 22:30:00] [INFO] Finished training p=0.4: final_train_loss=0.7495009936968485 final_test_acc=0.9725
[2026-01-26 22:35:04] [INFO] Computed 1D curve for p=0.4; alpha_star=8.0
[2026-01-26 22:35:04] [INFO] p=0.4 summary: clean_loss=0.193444 final_acc=0.9725 r_max=3.600000 area=12.960000
[2026-01-26 22:35:04] [INFO] Saved 1D loss line: results/plots/loss_line_p0.4.png
[2026-01-26 22:35:05] [INFO] Saved loss curve with parabola for p=0.4: results/plots/loss_line_with_parabola_p0.4.png
[2026-01-26 22:35:05] [INFO] Saved train curves for p=0.4: results/plots/train_curves_p0.4.png
[2026-01-26 22:35:05] [INFO] p=0.4 completed (elapsed=0h05m48s, 348.47s)
[2026-01-26 22:35:05] [INFO] ===== p=0.6 =====
[2026-01-26 22:35:05] [INFO] Applying corruption p=0.6
[2026-01-26 22:35:05] [INFO] Corrupted=17987
[2026-01-26 22:35:05] [INFO] Initialized model for p=0.6
[2026-01-26 22:35:10] [INFO] Epoch 1: loss=1.4175, acc=94.98
[2026-01-26 22:35:15] [INFO] Epoch 2: loss=1.2804, acc=96.11
[2026-01-26 22:35:20] [INFO] Epoch 3: loss=1.2427, acc=96.59
[2026-01-26 22:35:25] [INFO] Epoch 4: loss=1.2167, acc=97.05
[2026-01-26 22:35:30] [INFO] Epoch 5: loss=1.1947, acc=97.28
[2026-01-26 22:35:35] [INFO] Epoch 6: loss=1.1732, acc=97.35
[2026-01-26 22:35:35] [INFO] LR halved
[2026-01-26 22:35:40] [INFO] Epoch 7: loss=1.1275, acc=97.23
[2026-01-26 22:35:44] [INFO] Epoch 8: loss=1.1049, acc=97.36
[2026-01-26 22:35:49] [INFO] Epoch 9: loss=1.0831, acc=96.93
[2026-01-26 22:35:54] [INFO] Epoch 10: loss=1.0582, acc=96.80
[2026-01-26 22:35:54] [INFO] Finished training p=0.6: final_train_loss=1.0582146423975627 final_test_acc=0.968
[2026-01-26 22:40:59] [INFO] Computed 1D curve for p=0.6; alpha_star=8.0
[2026-01-26 22:40:59] [INFO] p=0.6 summary: clean_loss=0.284397 final_acc=0.9680 r_max=8.000000 area=64.000000
[2026-01-26 22:40:59] [INFO] Saved 1D loss line: results/plots/loss_line_p0.6.png
[2026-01-26 22:40:59] [INFO] Saved loss curve with parabola for p=0.6: results/plots/loss_line_with_parabola_p0.6.png
[2026-01-26 22:41:00] [INFO] Saved train curves for p=0.6: results/plots/train_curves_p0.6.png
[2026-01-26 22:41:00] [INFO] p=0.6 completed (elapsed=0h05m54s, 354.79s)
[2026-01-26 22:41:00] [INFO] ===== p=0.8 =====
[2026-01-26 22:41:00] [INFO] Applying corruption p=0.8
[2026-01-26 22:41:00] [INFO] Corrupted=23999
[2026-01-26 22:41:00] [INFO] Initialized model for p=0.8
[2026-01-26 22:41:05] [INFO] Epoch 1: loss=1.6362, acc=94.67
[2026-01-26 22:41:10] [INFO] Epoch 2: loss=1.5290, acc=95.67
[2026-01-26 22:41:15] [INFO] Epoch 3: loss=1.4983, acc=96.45
[2026-01-26 22:41:19] [INFO] Epoch 4: loss=1.4766, acc=96.90
[2026-01-26 22:41:25] [INFO] Epoch 5: loss=1.4569, acc=96.80
[2026-01-26 22:41:30] [INFO] Epoch 6: loss=1.4382, acc=97.00
[2026-01-26 22:41:30] [INFO] LR halved
[2026-01-26 22:41:36] [INFO] Epoch 7: loss=1.3936, acc=97.16
[2026-01-26 22:41:41] [INFO] Epoch 8: loss=1.3712, acc=96.47
[2026-01-26 22:41:45] [INFO] Epoch 9: loss=1.3476, acc=96.08
[2026-01-26 22:41:50] [INFO] Epoch 10: loss=1.3213, acc=95.69
[2026-01-26 22:41:50] [INFO] Finished training p=0.8: final_train_loss=1.3212748116175335 final_test_acc=0.9569
[2026-01-26 22:46:58] [INFO] Computed 1D curve for p=0.8; alpha_star=8.0
[2026-01-26 22:46:58] [INFO] p=0.8 summary: clean_loss=0.407482 final_acc=0.9569 r_max=8.000000 area=64.000000
[2026-01-26 22:46:58] [INFO] Saved 1D loss line: results/plots/loss_line_p0.8.png
[2026-01-26 22:46:59] [INFO] Saved loss curve with parabola for p=0.8: results/plots/loss_line_with_parabola_p0.8.png
[2026-01-26 22:46:59] [INFO] Saved train curves for p=0.8: results/plots/train_curves_p0.8.png
[2026-01-26 22:46:59] [INFO] p=0.8 completed (elapsed=0h05m59s, 359.09s)
[2026-01-26 22:46:59] [INFO] ===== p=1.0 =====
[2026-01-26 22:46:59] [INFO] Applying corruption p=1.0
[2026-01-26 22:46:59] [INFO] Corrupted=30000
[2026-01-26 22:46:59] [INFO] Initialized model for p=1.0
[2026-01-26 22:47:04] [INFO] Epoch 1: loss=1.8341, acc=94.09
[2026-01-26 22:47:09] [INFO] Epoch 2: loss=1.7449, acc=95.27
[2026-01-26 22:47:15] [INFO] Epoch 3: loss=1.7177, acc=95.55
[2026-01-26 22:47:19] [INFO] Epoch 4: loss=1.6995, acc=96.19
[2026-01-26 22:47:22] [INFO] Epoch 5: loss=1.6806, acc=96.36
[2026-01-26 22:47:26] [INFO] Epoch 6: loss=1.6624, acc=95.97
[2026-01-26 22:47:26] [INFO] LR halved
[2026-01-26 22:47:30] [INFO] Epoch 7: loss=1.6182, acc=96.42
[2026-01-26 22:47:34] [INFO] Epoch 8: loss=1.5943, acc=95.63
[2026-01-26 22:47:38] [INFO] Epoch 9: loss=1.5701, acc=94.81
[2026-01-26 22:47:42] [INFO] Epoch 10: loss=1.5428, acc=94.38
[2026-01-26 22:47:42] [INFO] Finished training p=1.0: final_train_loss=1.5427501204808554 final_test_acc=0.9438
[2026-01-26 22:52:02] [INFO] Computed 1D curve for p=1.0; alpha_star=8.0
[2026-01-26 22:52:02] [INFO] p=1.0 summary: clean_loss=0.520584 final_acc=0.9438 r_max=8.000000 area=64.000000
[2026-01-26 22:52:02] [INFO] Saved 1D loss line: results/plots/loss_line_p1.0.png
[2026-01-26 22:52:02] [INFO] Saved loss curve with parabola for p=1.0: results/plots/loss_line_with_parabola_p1.0.png
[2026-01-26 22:52:03] [INFO] Saved train curves for p=1.0: results/plots/train_curves_p1.0.png
[2026-01-26 22:52:03] [INFO] p=1.0 completed (elapsed=0h05m03s, 303.87s)
[2026-01-26 22:52:03] [INFO] Saved comparison chart: results/plots/comparison_chart.png
[2026-01-26 22:52:03] [INFO] Saved CSV results: results/summary.csv (default)
[2026-01-26 22:52:03] [INFO] Saved combined loss landscapes: results/plots/combined_loss_landscapes.png
[2026-01-26 22:52:03] [INFO] Run complete (elapsed=0h30m58s, 1858.56s)
[2026-01-26 22:54:34] [INFO] Using device: cuda
[2026-01-26 22:54:34] [INFO] Starting run
[2026-01-26 22:54:34] [INFO] Loading MNIST…
[2026-01-26 22:54:34] [INFO] Train=60000, Clean=30000
[2026-01-26 22:54:34] [INFO] Loaded MNIST datasets: train_len=60000, test_len=10000
[2026-01-26 22:54:34] [INFO] ===== p=1.0 =====
[2026-01-26 22:54:34] [INFO] Applying corruption p=1.0
[2026-01-26 22:54:34] [INFO] Corrupted=30000
[2026-01-26 22:54:34] [INFO] Initialized model for p=1.0
[2026-01-26 22:54:38] [INFO] Epoch 1: loss=1.8431, acc=93.31
[2026-01-26 22:54:41] [INFO] Epoch 2: loss=1.7470, acc=95.00
[2026-01-26 22:54:44] [INFO] Epoch 3: loss=1.7205, acc=95.97
[2026-01-26 22:54:48] [INFO] Epoch 4: loss=1.7000, acc=96.20
[2026-01-26 22:54:53] [INFO] Epoch 5: loss=1.6826, acc=96.51
[2026-01-26 22:54:57] [INFO] Epoch 6: loss=1.6637, acc=95.90
[2026-01-26 22:54:57] [INFO] LR halved
[2026-01-26 22:55:01] [INFO] Epoch 7: loss=1.6226, acc=96.42
[2026-01-26 22:55:06] [INFO] Epoch 8: loss=1.6006, acc=95.87
[2026-01-26 22:55:10] [INFO] Epoch 9: loss=1.5785, acc=94.86
[2026-01-26 22:55:14] [INFO] Epoch 10: loss=1.5528, acc=95.05
[2026-01-26 22:55:14] [INFO] Finished training p=1.0: final_train_loss=1.5527512690226237 final_test_acc=0.9505
[2026-01-26 22:59:13] [INFO] Computed 1D curve for p=1.0; alpha_star=8.0
[2026-01-26 22:59:13] [INFO] p=1.0 summary: clean_loss=0.531678 final_acc=0.9505 r_max=6.800000 area=46.240000
[2026-01-26 22:59:13] [INFO] Saved 1D loss line: results/plots/loss_line_p1.0.png
[2026-01-26 22:59:13] [INFO] Saved loss curve with parabola for p=1.0: results/plots/loss_line_with_parabola_p1.0.png
[2026-01-26 22:59:13] [INFO] Saved train curves for p=1.0: results/plots/train_curves_p1.0.png
[2026-01-26 22:59:13] [INFO] p=1.0 completed (elapsed=0h04m38s, 278.97s)
[2026-01-26 22:59:13] [INFO] Saved comparison chart: results/plots/comparison_chart.png
[2026-01-26 22:59:13] [INFO] Saved CSV results: results/summary.csv (default)
[2026-01-26 22:59:14] [INFO] Saved combined loss landscapes: results/plots/combined_loss_landscapes.png
[2026-01-26 22:59:14] [INFO] Saved plot values CSV for p=1.0: results/plots/plot_data_p1.0.csv
[2026-01-26 22:59:14] [INFO] Run complete (elapsed=0h04m39s, 279.40s)
[2026-01-26 23:05:43] [INFO] Using device: cuda
[2026-01-26 23:05:43] [INFO] Starting run
[2026-01-26 23:05:43] [INFO] Loading MNIST…
[2026-01-26 23:05:43] [INFO] Train=60000, Clean=30000
[2026-01-26 23:05:43] [INFO] Loaded MNIST datasets: train_len=60000, test_len=10000
[2026-01-26 23:05:43] [INFO] ===== p=0.0 =====
[2026-01-26 23:05:43] [INFO] Applying corruption p=0.0
[2026-01-26 23:05:43] [INFO] Initialized model for p=0.0
[2026-01-26 23:05:48] [INFO] Epoch 1: loss=0.3554, acc=95.48
[2026-01-26 23:05:52] [INFO] Epoch 2: loss=0.1245, acc=96.63
[2026-01-26 23:05:57] [INFO] Epoch 3: loss=0.0807, acc=97.42
[2026-01-26 23:06:01] [INFO] Epoch 4: loss=0.0578, acc=96.85
[2026-01-26 23:06:06] [INFO] Epoch 5: loss=0.0438, acc=97.36
[2026-01-26 23:06:11] [INFO] Epoch 6: loss=0.0330, acc=97.74
[2026-01-26 23:06:11] [INFO] LR halved
[2026-01-26 23:06:16] [INFO] Epoch 7: loss=0.0156, acc=98.08
[2026-01-26 23:06:21] [INFO] Epoch 8: loss=0.0095, acc=98.12
[2026-01-26 23:06:26] [INFO] Epoch 9: loss=0.0080, acc=98.18
[2026-01-26 23:06:31] [INFO] Epoch 10: loss=0.0060, acc=98.08
[2026-01-26 23:06:31] [INFO] Finished training p=0.0: final_train_loss=0.00597343406068782 final_test_acc=0.9808
[2026-01-26 23:11:41] [INFO] Computed 1D curve for p=0.0; alpha_star=7.600000000000001
[2026-01-26 23:11:41] [INFO] p=0.0 summary: clean_loss=0.006546 final_acc=0.9808 r_max=0.200000 area=0.040000
[2026-01-26 23:11:41] [INFO] Saved 1D loss line: results/plots/loss_line_p0.0.png
[2026-01-26 23:11:41] [INFO] Saved loss curve with parabola for p=0.0: results/plots/loss_line_with_parabola_p0.0.png
[2026-01-26 23:11:41] [INFO] Saved train curves for p=0.0: results/plots/train_curves_p0.0.png
[2026-01-26 23:11:41] [INFO] p=0.0 completed (elapsed=0h05m57s, 357.70s)
[2026-01-26 23:11:41] [INFO] ===== p=0.2 =====
[2026-01-26 23:11:41] [INFO] Applying corruption p=0.2
[2026-01-26 23:11:41] [INFO] Corrupted=5967
[2026-01-26 23:11:41] [INFO] Initialized model for p=0.2
[2026-01-26 23:11:45] [INFO] Epoch 1: loss=0.8168, acc=95.29
[2026-01-26 23:11:49] [INFO] Epoch 2: loss=0.6281, acc=96.89
[2026-01-26 23:11:53] [INFO] Epoch 3: loss=0.5820, acc=97.26
[2026-01-26 23:11:57] [INFO] Epoch 4: loss=0.5526, acc=97.69
[2026-01-26 23:12:00] [INFO] Epoch 5: loss=0.5309, acc=97.62
[2026-01-26 23:12:04] [INFO] Epoch 6: loss=0.5122, acc=98.20
[2026-01-26 23:12:04] [INFO] LR halved
[2026-01-26 23:13:17] [INFO] Using device: cuda
[2026-01-26 23:13:17] [INFO] Starting run
[2026-01-26 23:13:17] [INFO] Loading MNIST…
[2026-01-26 23:13:17] [INFO] Train=60000, Clean=30000
[2026-01-26 23:13:17] [INFO] Loaded MNIST datasets: train_len=60000, test_len=10000
[2026-01-26 23:13:17] [INFO] ===== p=0.0 =====
[2026-01-26 23:13:17] [INFO] Applying corruption p=0.0
[2026-01-26 23:13:17] [INFO] Initialized model for p=0.0
[2026-01-26 23:13:21] [INFO] Epoch 1: loss=0.3712, acc=94.10
[2026-01-26 23:13:24] [INFO] Epoch 2: loss=0.1233, acc=96.70
[2026-01-26 23:13:28] [INFO] Epoch 3: loss=0.0814, acc=97.71
[2026-01-26 23:13:31] [INFO] Epoch 4: loss=0.0562, acc=97.47
[2026-01-26 23:13:36] [INFO] Epoch 5: loss=0.0423, acc=97.64
[2026-01-26 23:13:41] [INFO] Epoch 6: loss=0.0316, acc=97.89
[2026-01-26 23:13:41] [INFO] LR halved
[2026-01-26 23:13:46] [INFO] Epoch 7: loss=0.0145, acc=98.13
[2026-01-26 23:13:52] [INFO] Epoch 8: loss=0.0103, acc=97.94
[2026-01-26 23:13:58] [INFO] Epoch 9: loss=0.0084, acc=98.16
[2026-01-26 23:14:03] [INFO] Epoch 10: loss=0.0062, acc=98.13
[2026-01-26 23:14:03] [INFO] Finished training p=0.0: final_train_loss=0.006190723108003537 final_test_acc=0.9813
[2026-01-26 23:18:06] [INFO] Computed 1D curve for p=0.0; alpha_star=3.0
[2026-01-26 23:18:06] [INFO] p=0.0 summary: clean_loss=0.004465 final_acc=0.9813 r_max=0.500000 area=0.250000
[2026-01-26 23:18:06] [INFO] Saved 1D loss line: results/plots/loss_line_p0.0.png
[2026-01-26 23:18:07] [INFO] Saved loss curve with parabola for p=0.0: results/plots/loss_line_with_parabola_p0.0.png
[2026-01-26 23:18:07] [INFO] Saved train curves for p=0.0: results/plots/train_curves_p0.0.png
[2026-01-26 23:18:07] [INFO] p=0.0 completed (elapsed=0h04m49s, 289.59s)
[2026-01-26 23:18:07] [INFO] ===== p=0.2 =====
[2026-01-26 23:18:07] [INFO] Applying corruption p=0.2
[2026-01-26 23:18:07] [INFO] Corrupted=5967
[2026-01-26 23:18:07] [INFO] Initialized model for p=0.2
[2026-01-26 23:18:11] [INFO] Epoch 1: loss=0.8247, acc=95.50
[2026-01-26 23:18:15] [INFO] Epoch 2: loss=0.6263, acc=96.66
[2026-01-26 23:18:20] [INFO] Epoch 3: loss=0.5821, acc=97.43
[2026-01-26 23:18:24] [INFO] Epoch 4: loss=0.5536, acc=97.48
[2026-01-26 23:18:28] [INFO] Epoch 5: loss=0.5322, acc=97.73
[2026-01-26 23:18:33] [INFO] Epoch 6: loss=0.5131, acc=97.72
[2026-01-26 23:18:33] [INFO] LR halved
[2026-01-26 23:18:37] [INFO] Epoch 7: loss=0.4741, acc=97.82
[2026-01-26 23:18:42] [INFO] Epoch 8: loss=0.4559, acc=97.82
[2026-01-26 23:18:46] [INFO] Epoch 9: loss=0.4407, acc=97.71
[2026-01-26 23:18:50] [INFO] Epoch 10: loss=0.4238, acc=97.56
[2026-01-26 23:18:50] [INFO] Finished training p=0.2: final_train_loss=0.4238081505298614 final_test_acc=0.9756
[2026-01-26 23:21:19] [INFO] Computed 1D curve for p=0.2; alpha_star=-1.5
[2026-01-26 23:21:19] [INFO] p=0.2 summary: clean_loss=0.107886 final_acc=0.9756 r_max=0.250000 area=0.062500
[2026-01-26 23:21:19] [INFO] Saved 1D loss line: results/plots/loss_line_p0.2.png
[2026-01-26 23:21:19] [INFO] Saved loss curve with parabola for p=0.2: results/plots/loss_line_with_parabola_p0.2.png
[2026-01-26 23:21:19] [INFO] Saved train curves for p=0.2: results/plots/train_curves_p0.2.png
[2026-01-26 23:21:19] [INFO] p=0.2 completed (elapsed=0h03m12s, 192.30s)
[2026-01-26 23:21:19] [INFO] ===== p=0.4 =====
[2026-01-26 23:21:19] [INFO] Applying corruption p=0.4
[2026-01-26 23:21:19] [INFO] Corrupted=11842
[2026-01-26 23:21:19] [INFO] Initialized model for p=0.4
[2026-01-26 23:21:24] [INFO] Epoch 1: loss=1.1582, acc=95.10
[2026-01-26 23:21:28] [INFO] Epoch 2: loss=0.9811, acc=96.35
[2026-01-26 23:21:32] [INFO] Epoch 3: loss=0.9391, acc=97.11
[2026-01-26 23:21:37] [INFO] Epoch 4: loss=0.9086, acc=97.48
[2026-01-26 23:21:42] [INFO] Epoch 5: loss=0.8857, acc=97.50
[2026-01-26 23:21:47] [INFO] Epoch 6: loss=0.8649, acc=97.24
[2026-01-26 23:21:47] [INFO] LR halved
[2026-01-26 23:21:52] [INFO] Epoch 7: loss=0.8214, acc=97.61
[2026-01-26 23:21:56] [INFO] Epoch 8: loss=0.8007, acc=97.34
[2026-01-26 23:22:01] [INFO] Epoch 9: loss=0.7817, acc=97.11
[2026-01-26 23:22:06] [INFO] Epoch 10: loss=0.7595, acc=97.03
[2026-01-26 23:22:06] [INFO] Finished training p=0.4: final_train_loss=0.7595064216295878 final_test_acc=0.9703
[2026-01-26 23:27:27] [INFO] Computed 1D curve for p=0.4; alpha_star=-5.6
[2026-01-26 23:27:27] [INFO] p=0.4 summary: clean_loss=0.192477 final_acc=0.9703 r_max=1.200000 area=1.440000
[2026-01-26 23:27:27] [INFO] Saved 1D loss line: results/plots/loss_line_p0.4.png
[2026-01-26 23:27:28] [INFO] Saved loss curve with parabola for p=0.4: results/plots/loss_line_with_parabola_p0.4.png
[2026-01-26 23:27:28] [INFO] Saved train curves for p=0.4: results/plots/train_curves_p0.4.png
[2026-01-26 23:27:28] [INFO] p=0.4 completed (elapsed=0h06m08s, 368.78s)
[2026-01-26 23:27:28] [INFO] ===== p=0.6 =====
[2026-01-26 23:27:28] [INFO] Applying corruption p=0.6
[2026-01-26 23:27:28] [INFO] Corrupted=17987
[2026-01-26 23:27:28] [INFO] Initialized model for p=0.6
[2026-01-26 23:27:33] [INFO] Epoch 1: loss=1.4175, acc=94.98
[2026-01-26 23:27:38] [INFO] Epoch 2: loss=1.2804, acc=96.11
[2026-01-26 23:27:43] [INFO] Epoch 3: loss=1.2427, acc=96.59
[2026-01-26 23:27:48] [INFO] Epoch 4: loss=1.2167, acc=97.05
[2026-01-26 23:27:53] [INFO] Epoch 5: loss=1.1947, acc=97.28
[2026-01-26 23:27:58] [INFO] Epoch 6: loss=1.1732, acc=97.35
[2026-01-26 23:27:58] [INFO] LR halved
[2026-01-26 23:28:03] [INFO] Epoch 7: loss=1.1275, acc=97.23
[2026-01-26 23:28:08] [INFO] Epoch 8: loss=1.1049, acc=97.36
[2026-01-26 23:28:14] [INFO] Epoch 9: loss=1.0831, acc=96.93
[2026-01-26 23:28:19] [INFO] Epoch 10: loss=1.0582, acc=96.80
[2026-01-26 23:28:19] [INFO] Finished training p=0.6: final_train_loss=1.0582146423975627 final_test_acc=0.968
[2026-01-26 23:32:52] [INFO] Computed 1D curve for p=0.6; alpha_star=8.0
[2026-01-26 23:32:52] [INFO] p=0.6 summary: clean_loss=0.284397 final_acc=0.9680 r_max=8.000000 area=64.000000
[2026-01-26 23:32:52] [INFO] Saved 1D loss line: results/plots/loss_line_p0.6.png
[2026-01-26 23:32:52] [INFO] Saved loss curve with parabola for p=0.6: results/plots/loss_line_with_parabola_p0.6.png
[2026-01-26 23:32:52] [INFO] Saved train curves for p=0.6: results/plots/train_curves_p0.6.png
[2026-01-26 23:32:52] [INFO] p=0.6 completed (elapsed=0h05m24s, 324.40s)
[2026-01-26 23:32:52] [INFO] ===== p=0.8 =====
[2026-01-26 23:32:52] [INFO] Applying corruption p=0.8
[2026-01-26 23:32:52] [INFO] Corrupted=23999
[2026-01-26 23:32:52] [INFO] Initialized model for p=0.8
[2026-01-26 23:32:57] [INFO] Epoch 1: loss=1.6362, acc=94.67
[2026-01-26 23:33:01] [INFO] Epoch 2: loss=1.5290, acc=95.67
[2026-01-26 23:33:06] [INFO] Epoch 3: loss=1.4983, acc=96.45
[2026-01-26 23:33:10] [INFO] Epoch 4: loss=1.4766, acc=96.90
[2026-01-26 23:33:14] [INFO] Epoch 5: loss=1.4569, acc=96.80
[2026-01-26 23:33:18] [INFO] Epoch 6: loss=1.4382, acc=97.00
[2026-01-26 23:33:18] [INFO] LR halved
[2026-01-26 23:33:23] [INFO] Epoch 7: loss=1.3936, acc=97.16
[2026-01-26 23:33:27] [INFO] Epoch 8: loss=1.3712, acc=96.47
[2026-01-26 23:33:31] [INFO] Epoch 9: loss=1.3476, acc=96.08
[2026-01-26 23:33:36] [INFO] Epoch 10: loss=1.3213, acc=95.69
[2026-01-26 23:33:36] [INFO] Finished training p=0.8: final_train_loss=1.3212748116175335 final_test_acc=0.9569
[2026-01-26 23:37:45] [INFO] Computed 1D curve for p=0.8; alpha_star=8.0
[2026-01-26 23:37:45] [INFO] p=0.8 summary: clean_loss=0.407482 final_acc=0.9569 r_max=8.000000 area=64.000000
[2026-01-26 23:37:45] [INFO] Saved 1D loss line: results/plots/loss_line_p0.8.png
[2026-01-26 23:37:45] [INFO] Saved loss curve with parabola for p=0.8: results/plots/loss_line_with_parabola_p0.8.png
[2026-01-26 23:37:45] [INFO] Saved train curves for p=0.8: results/plots/train_curves_p0.8.png
[2026-01-26 23:37:45] [INFO] p=0.8 completed (elapsed=0h04m53s, 293.21s)
[2026-01-26 23:37:45] [INFO] ===== p=1.0 =====
[2026-01-26 23:37:45] [INFO] Applying corruption p=1.0
[2026-01-26 23:37:46] [INFO] Corrupted=30000
[2026-01-26 23:37:46] [INFO] Initialized model for p=1.0
[2026-01-26 23:37:50] [INFO] Epoch 1: loss=1.8341, acc=94.09
[2026-01-26 23:37:54] [INFO] Epoch 2: loss=1.7449, acc=95.27
[2026-01-26 23:37:58] [INFO] Epoch 3: loss=1.7177, acc=95.55
[2026-01-26 23:38:02] [INFO] Epoch 4: loss=1.6995, acc=96.19
[2026-01-26 23:38:05] [INFO] Epoch 5: loss=1.6806, acc=96.36
[2026-01-26 23:38:09] [INFO] Epoch 6: loss=1.6624, acc=95.97
[2026-01-26 23:38:09] [INFO] LR halved
[2026-01-26 23:38:13] [INFO] Epoch 7: loss=1.6182, acc=96.42
[2026-01-26 23:38:17] [INFO] Epoch 8: loss=1.5943, acc=95.63
[2026-01-26 23:38:21] [INFO] Epoch 9: loss=1.5701, acc=94.81
[2026-01-26 23:38:25] [INFO] Epoch 10: loss=1.5428, acc=94.38
[2026-01-26 23:38:25] [INFO] Finished training p=1.0: final_train_loss=1.5427501204808554 final_test_acc=0.9438
[2026-01-26 23:42:35] [INFO] Computed 1D curve for p=1.0; alpha_star=8.0
[2026-01-26 23:42:35] [INFO] p=1.0 summary: clean_loss=0.520584 final_acc=0.9438 r_max=8.000000 area=64.000000
[2026-01-26 23:42:35] [INFO] Saved 1D loss line: results/plots/loss_line_p1.0.png
[2026-01-26 23:42:35] [INFO] Saved loss curve with parabola for p=1.0: results/plots/loss_line_with_parabola_p1.0.png
[2026-01-26 23:42:36] [INFO] Saved train curves for p=1.0: results/plots/train_curves_p1.0.png
[2026-01-26 23:42:36] [INFO] p=1.0 completed (elapsed=0h04m50s, 290.02s)
[2026-01-26 23:42:36] [INFO] Saved comparison chart: results/plots/comparison_chart.png
[2026-01-26 23:42:36] [INFO] Saved CSV results: results/summary.csv (default)
[2026-01-26 23:42:36] [INFO] Saved combined loss landscapes: results/plots/combined_loss_landscapes.png
[2026-01-26 23:42:36] [INFO] Saved plot values CSV for p=0.0: results/plots/plot_data_p0.0.csv
[2026-01-26 23:42:36] [INFO] Saved plot values CSV for p=0.2: results/plots/plot_data_p0.2.csv
[2026-01-26 23:42:36] [INFO] Saved plot values CSV for p=0.4: results/plots/plot_data_p0.4.csv
[2026-01-26 23:42:36] [INFO] Saved plot values CSV for p=0.6: results/plots/plot_data_p0.6.csv
[2026-01-26 23:42:36] [INFO] Saved plot values CSV for p=0.8: results/plots/plot_data_p0.8.csv
[2026-01-26 23:42:36] [INFO] Saved plot values CSV for p=1.0: results/plots/plot_data_p1.0.csv
[2026-01-26 23:42:36] [INFO] Run complete (elapsed=0h29m18s, 1758.66s)
[2026-01-27 00:14:01] [INFO] Using device: cuda
[2026-01-27 00:14:01] [INFO] Starting run
[2026-01-27 00:14:01] [INFO] Loading MNIST…
[2026-01-27 00:14:01] [INFO] Train=60000, Clean=30000
[2026-01-27 00:14:01] [INFO] Loaded MNIST datasets: train_len=60000, test_len=10000
[2026-01-27 00:14:01] [INFO] ===== p=0.0 =====
[2026-01-27 00:14:01] [INFO] Applying corruption p=0.0
[2026-01-27 00:14:01] [INFO] Initialized model for p=0.0
[2026-01-27 00:14:05] [INFO] Epoch 1: loss=0.3595, acc=95.63
[2026-01-27 00:14:08] [INFO] Epoch 2: loss=0.1191, acc=97.08
[2026-01-27 00:14:13] [INFO] Epoch 3: loss=0.0761, acc=97.32
[2026-01-27 00:14:19] [INFO] Epoch 4: loss=0.0559, acc=97.45
[2026-01-27 00:14:25] [INFO] Epoch 5: loss=0.0415, acc=97.62
[2026-01-27 00:14:31] [INFO] Epoch 6: loss=0.0318, acc=98.02
[2026-01-27 00:14:31] [INFO] LR halved
[2026-01-27 00:14:36] [INFO] Epoch 7: loss=0.0149, acc=98.26
[2026-01-27 00:14:41] [INFO] Epoch 8: loss=0.0099, acc=98.38
[2026-01-27 00:14:47] [INFO] Epoch 9: loss=0.0075, acc=98.23
[2026-01-27 00:14:52] [INFO] Epoch 10: loss=0.0059, acc=97.88
[2026-01-27 00:14:52] [INFO] Finished training p=0.0: final_train_loss=0.005865793273411691 final_test_acc=0.9788
[2026-01-27 00:19:32] [INFO] Computed 1D curve for p=0.0; alpha_star=6.800000000000001
[2026-01-27 00:19:32] [INFO] p=0.0 summary: clean_loss=0.009785 final_acc=0.9788 r_max=0.780000 area=0.608400
[2026-01-27 00:19:32] [INFO] Saved 1D loss line: results/plots/loss_line_p0.0.png
[2026-01-27 00:19:32] [INFO] Saved loss curve with parabola for p=0.0: results/plots/loss_line_with_parabola_p0.0.png
[2026-01-27 00:19:32] [INFO] Saved train curves for p=0.0: results/plots/train_curves_p0.0.png
[2026-01-27 00:19:32] [INFO] p=0.0 completed (elapsed=0h05m30s, 330.87s)
[2026-01-27 00:19:32] [INFO] Saved comparison chart: results/plots/comparison_chart.png
[2026-01-27 00:19:32] [INFO] Saved CSV results: results/summary.csv (default)
[2026-01-27 00:19:32] [INFO] Saved combined loss landscapes: results/plots/combined_loss_landscapes.png
[2026-01-27 00:19:32] [INFO] Saved plot values CSV for p=0.0: results/plots/plot_data_p0.0.csv
[2026-01-27 00:19:32] [INFO] Run complete (elapsed=0h05m31s, 331.29s)
[2026-01-27 00:22:56] [INFO] Using device: cuda
[2026-01-27 00:22:56] [INFO] Starting run
[2026-01-27 00:22:56] [INFO] Loading MNIST…
[2026-01-27 00:22:56] [INFO] Train=60000, Clean=30000
[2026-01-27 00:22:56] [INFO] Loaded MNIST datasets: train_len=60000, test_len=10000
[2026-01-27 00:22:56] [INFO] ===== p=0.0 =====
[2026-01-27 00:22:56] [INFO] Applying corruption p=0.0
[2026-01-27 00:22:56] [INFO] Initialized model for p=0.0
[2026-01-27 00:23:00] [INFO] Epoch 1: loss=0.3766, acc=95.49
[2026-01-27 00:23:03] [INFO] Epoch 2: loss=0.1306, acc=96.21
[2026-01-27 00:23:07] [INFO] Epoch 3: loss=0.0836, acc=97.28
[2026-01-27 00:23:11] [INFO] Epoch 4: loss=0.0580, acc=97.54
[2026-01-27 00:23:15] [INFO] Epoch 5: loss=0.0428, acc=97.89
[2026-01-27 00:23:20] [INFO] Epoch 6: loss=0.0336, acc=97.85
[2026-01-27 00:23:20] [INFO] LR halved
[2026-01-27 00:23:24] [INFO] Epoch 7: loss=0.0159, acc=98.23
[2026-01-27 00:23:28] [INFO] Epoch 8: loss=0.0098, acc=98.07
[2026-01-27 00:23:33] [INFO] Epoch 9: loss=0.0085, acc=98.14
[2026-01-27 00:23:37] [INFO] Epoch 10: loss=0.0055, acc=98.22
[2026-01-27 00:23:37] [INFO] Finished training p=0.0: final_train_loss=0.005547829091362655 final_test_acc=0.9822
[2026-01-27 00:31:26] [INFO] Computed 1D curve for p=0.0; alpha_star=0.7889447236180904
[2026-01-27 00:31:26] [INFO] p=0.0 summary: clean_loss=0.003897 final_acc=0.9822 r_max=0.098634 area=0.009729
[2026-01-27 00:31:26] [INFO] Saved 1D loss line: results/plots/loss_line_p0.0.png
[2026-01-27 00:31:26] [INFO] Saved loss curve with parabola for p=0.0: results/plots/loss_line_with_parabola_p0.0.png
[2026-01-27 00:31:26] [INFO] Saved train curves for p=0.0: results/plots/train_curves_p0.0.png
[2026-01-27 00:31:26] [INFO] p=0.0 completed (elapsed=0h08m30s, 510.23s)
[2026-01-27 00:31:26] [INFO] Saved comparison chart: results/plots/comparison_chart.png
[2026-01-27 00:31:26] [INFO] Saved CSV results: results/summary.csv (default)
[2026-01-27 00:31:27] [INFO] Saved combined loss landscapes: results/plots/combined_loss_landscapes.png
[2026-01-27 00:31:27] [INFO] Saved plot values CSV for p=0.0: results/plots/plot_data_p0.0.csv
[2026-01-27 00:31:27] [INFO] Run complete (elapsed=0h08m30s, 510.64s)
[2026-01-27 00:33:42] [INFO] Using device: cuda
[2026-01-27 00:33:42] [INFO] Starting run
[2026-01-27 00:33:42] [INFO] Loading MNIST…
[2026-01-27 00:33:42] [INFO] Train=60000, Clean=30000
[2026-01-27 00:33:42] [INFO] Loaded MNIST datasets: train_len=60000, test_len=10000
[2026-01-27 00:33:42] [INFO] ===== p=0.0 =====
[2026-01-27 00:33:42] [INFO] Applying corruption p=0.0
[2026-01-27 00:33:42] [INFO] Initialized model for p=0.0
[2026-01-27 00:33:45] [INFO] Epoch 1: loss=0.3673, acc=95.24
[2026-01-27 00:33:48] [INFO] Epoch 2: loss=0.1284, acc=96.97
[2026-01-27 00:33:52] [INFO] Epoch 3: loss=0.0835, acc=97.43
[2026-01-27 00:33:57] [INFO] Epoch 4: loss=0.0588, acc=97.85
[2026-01-27 00:34:02] [INFO] Epoch 5: loss=0.0442, acc=97.92
[2026-01-27 00:34:07] [INFO] Epoch 6: loss=0.0317, acc=97.64
[2026-01-27 00:34:07] [INFO] LR halved
[2026-01-27 00:34:12] [INFO] Epoch 7: loss=0.0151, acc=98.12
[2026-01-27 00:34:18] [INFO] Epoch 8: loss=0.0102, acc=98.11
[2026-01-27 00:34:23] [INFO] Epoch 9: loss=0.0072, acc=98.18
[2026-01-27 00:34:28] [INFO] Epoch 10: loss=0.0062, acc=98.33
[2026-01-27 00:34:28] [INFO] Finished training p=0.0: final_train_loss=0.00620500136607637 final_test_acc=0.9833
[2026-01-27 00:49:00] [INFO] Computed 1D curve for p=0.0; alpha_star=-1.879396984924623
[2026-01-27 00:49:00] [INFO] p=0.0 summary: clean_loss=0.003132 final_acc=0.9833 r_max=0.055150 area=0.003042
[2026-01-27 00:49:00] [INFO] Saved 1D loss line: results/plots/loss_line_p0.0.png
[2026-01-27 00:49:00] [INFO] Saved loss curve with parabola for p=0.0: results/plots/loss_line_with_parabola_p0.0.png
[2026-01-27 00:49:00] [INFO] Saved train curves for p=0.0: results/plots/train_curves_p0.0.png
[2026-01-27 00:49:00] [INFO] p=0.0 completed (elapsed=0h15m18s, 918.20s)
[2026-01-27 00:49:00] [INFO] ===== p=0.2 =====
[2026-01-27 00:49:00] [INFO] Applying corruption p=0.2
[2026-01-27 00:49:00] [INFO] Corrupted=5967
[2026-01-27 00:49:00] [INFO] Initialized model for p=0.2
[2026-01-27 00:49:04] [INFO] Epoch 1: loss=0.8361, acc=95.11
[2026-01-27 00:49:09] [INFO] Epoch 2: loss=0.6310, acc=96.86
[2026-01-27 00:49:13] [INFO] Epoch 3: loss=0.5846, acc=97.28
[2026-01-27 00:49:18] [INFO] Epoch 4: loss=0.5563, acc=97.76
[2026-01-27 00:49:22] [INFO] Epoch 5: loss=0.5336, acc=97.84
[2026-01-27 00:49:27] [INFO] Epoch 6: loss=0.5156, acc=97.52
[2026-01-27 00:49:27] [INFO] LR halved
[2026-01-27 00:49:31] [INFO] Epoch 7: loss=0.4780, acc=97.89
[2026-01-27 00:49:35] [INFO] Epoch 8: loss=0.4615, acc=97.95
[2026-01-27 00:49:40] [INFO] Epoch 9: loss=0.4461, acc=97.94
[2026-01-27 00:49:44] [INFO] Epoch 10: loss=0.4302, acc=97.86
[2026-01-27 00:49:44] [INFO] Finished training p=0.2: final_train_loss=0.43022417174975075 final_test_acc=0.9786
[2026-01-27 01:12:38] [INFO] Computed 1D curve for p=0.2; alpha_star=7.035175879396984
[2026-01-27 01:12:38] [INFO] p=0.2 summary: clean_loss=0.077718 final_acc=0.9786 r_max=0.450898 area=0.203309
[2026-01-27 01:12:38] [INFO] Saved 1D loss line: results/plots/loss_line_p0.2.png
[2026-01-27 01:12:38] [INFO] Saved loss curve with parabola for p=0.2: results/plots/loss_line_with_parabola_p0.2.png
[2026-01-27 01:12:39] [INFO] Saved train curves for p=0.2: results/plots/train_curves_p0.2.png
[2026-01-27 01:12:39] [INFO] p=0.2 completed (elapsed=0h23m38s, 1418.50s)
[2026-01-27 01:12:39] [INFO] ===== p=0.4 =====
[2026-01-27 01:12:39] [INFO] Applying corruption p=0.4
[2026-01-27 01:12:39] [INFO] Corrupted=11842
[2026-01-27 01:12:39] [INFO] Initialized model for p=0.4
[2026-01-27 01:12:43] [INFO] Epoch 1: loss=1.1668, acc=94.20
[2026-01-27 01:12:48] [INFO] Epoch 2: loss=0.9843, acc=95.87
[2026-01-27 01:12:53] [INFO] Epoch 3: loss=0.9394, acc=96.42
[2026-01-27 01:12:58] [INFO] Epoch 4: loss=0.9096, acc=96.84
[2026-01-27 01:13:03] [INFO] Epoch 5: loss=0.8881, acc=97.16
[2026-01-27 01:13:07] [INFO] Epoch 6: loss=0.8676, acc=97.55
[2026-01-27 01:13:07] [INFO] LR halved
[2026-01-27 01:13:12] [INFO] Epoch 7: loss=0.8244, acc=97.49
[2026-01-27 01:13:17] [INFO] Epoch 8: loss=0.8048, acc=97.41
[2026-01-27 01:13:22] [INFO] Epoch 9: loss=0.7858, acc=97.31
[2026-01-27 01:13:27] [INFO] Epoch 10: loss=0.7652, acc=97.27
[2026-01-27 01:13:27] [INFO] Finished training p=0.4: final_train_loss=0.7651652914047241 final_test_acc=0.9727
[2026-01-27 01:39:48] [INFO] Computed 1D curve for p=0.4; alpha_star=8.0
[2026-01-27 01:39:48] [INFO] p=0.4 summary: clean_loss=0.211226 final_acc=0.9727 r_max=5.507538 area=30.332971
[2026-01-27 01:39:48] [INFO] Saved 1D loss line: results/plots/loss_line_p0.4.png
[2026-01-27 01:39:48] [INFO] Saved loss curve with parabola for p=0.4: results/plots/loss_line_with_parabola_p0.4.png
[2026-01-27 01:39:48] [INFO] Saved train curves for p=0.4: results/plots/train_curves_p0.4.png
[2026-01-27 01:39:48] [INFO] p=0.4 completed (elapsed=0h27m09s, 1629.92s)
[2026-01-27 01:39:48] [INFO] ===== p=0.6 =====
[2026-01-27 01:39:48] [INFO] Applying corruption p=0.6
[2026-01-27 01:39:48] [INFO] Corrupted=17987
[2026-01-27 01:39:48] [INFO] Initialized model for p=0.6
[2026-01-27 01:39:55] [INFO] Epoch 1: loss=1.4330, acc=93.81
[2026-01-27 01:39:59] [INFO] Epoch 2: loss=1.2820, acc=95.53
[2026-01-27 01:40:06] [INFO] Epoch 3: loss=1.2456, acc=96.67
[2026-01-27 01:40:13] [INFO] Epoch 4: loss=1.2192, acc=96.77
[2026-01-27 01:40:19] [INFO] Epoch 5: loss=1.1974, acc=96.87
[2026-01-27 01:40:26] [INFO] Epoch 6: loss=1.1783, acc=97.21
[2026-01-27 01:40:26] [INFO] LR halved
[2026-01-27 01:40:31] [INFO] Epoch 7: loss=1.1349, acc=97.02
[2026-01-27 01:40:35] [INFO] Epoch 8: loss=1.1148, acc=97.12
[2026-01-27 01:40:39] [INFO] Epoch 9: loss=1.0936, acc=96.93
[2026-01-27 01:40:45] [INFO] Epoch 10: loss=1.0703, acc=96.85
[2026-01-27 01:40:45] [INFO] Finished training p=0.6: final_train_loss=1.0703346394220987 final_test_acc=0.9685
[2026-01-27 01:56:42] [INFO] Computed 1D curve for p=0.6; alpha_star=1.6984924623115578
[2026-01-27 01:56:42] [INFO] p=0.6 summary: clean_loss=0.273822 final_acc=0.9685 r_max=0.149996 area=0.022499
[2026-01-27 01:56:42] [INFO] Saved 1D loss line: results/plots/loss_line_p0.6.png
[2026-01-27 01:56:43] [INFO] Saved loss curve with parabola for p=0.6: results/plots/loss_line_with_parabola_p0.6.png
[2026-01-27 01:56:43] [INFO] Saved train curves for p=0.6: results/plots/train_curves_p0.6.png
[2026-01-27 01:56:43] [INFO] p=0.6 completed (elapsed=0h16m54s, 1014.35s)
[2026-01-27 01:56:43] [INFO] ===== p=0.8 =====
[2026-01-27 01:56:43] [INFO] Applying corruption p=0.8
[2026-01-27 01:56:43] [INFO] Corrupted=23999
[2026-01-27 01:56:43] [INFO] Initialized model for p=0.8
[2026-01-27 01:56:50] [INFO] Epoch 1: loss=1.6500, acc=94.25
[2026-01-27 01:56:56] [INFO] Epoch 2: loss=1.5306, acc=95.37
[2026-01-27 01:57:03] [INFO] Epoch 3: loss=1.5006, acc=96.02
[2026-01-27 01:57:10] [INFO] Epoch 4: loss=1.4785, acc=96.65
[2026-01-27 01:57:17] [INFO] Epoch 5: loss=1.4607, acc=96.66
[2026-01-27 01:57:20] [INFO] Epoch 6: loss=1.4418, acc=96.72
[2026-01-27 01:57:20] [INFO] LR halved
[2026-01-27 01:57:26] [INFO] Epoch 7: loss=1.4013, acc=96.93
[2026-01-27 01:57:32] [INFO] Epoch 8: loss=1.3802, acc=96.71
[2026-01-27 01:57:38] [INFO] Epoch 9: loss=1.3597, acc=96.47
[2026-01-27 01:57:44] [INFO] Epoch 10: loss=1.3369, acc=95.95
[2026-01-27 01:57:44] [INFO] Finished training p=0.8: final_train_loss=1.3369402401606243 final_test_acc=0.9595
[2026-01-27 02:23:16] [INFO] Computed 1D curve for p=0.8; alpha_star=-5.427135678391959
[2026-01-27 02:23:16] [INFO] p=0.8 summary: clean_loss=0.364735 final_acc=0.9595 r_max=1.228252 area=1.508603
[2026-01-27 02:23:16] [INFO] Saved 1D loss line: results/plots/loss_line_p0.8.png
[2026-01-27 02:23:17] [INFO] Saved loss curve with parabola for p=0.8: results/plots/loss_line_with_parabola_p0.8.png
[2026-01-27 02:23:17] [INFO] Saved train curves for p=0.8: results/plots/train_curves_p0.8.png
[2026-01-27 02:23:17] [INFO] p=0.8 completed (elapsed=0h26m33s, 1593.99s)
[2026-01-27 02:23:17] [INFO] ===== p=1.0 =====
[2026-01-27 02:23:17] [INFO] Applying corruption p=1.0
[2026-01-27 02:23:17] [INFO] Corrupted=30000
[2026-01-27 02:23:17] [INFO] Initialized model for p=1.0
[2026-01-27 02:23:22] [INFO] Epoch 1: loss=1.8469, acc=93.96
[2026-01-27 02:23:28] [INFO] Epoch 2: loss=1.7466, acc=95.39
[2026-01-27 02:23:33] [INFO] Epoch 3: loss=1.7207, acc=95.79
[2026-01-27 02:23:38] [INFO] Epoch 4: loss=1.7001, acc=96.20
[2026-01-27 02:23:43] [INFO] Epoch 5: loss=1.6828, acc=96.40
[2026-01-27 02:23:48] [INFO] Epoch 6: loss=1.6662, acc=96.05
[2026-01-27 02:23:48] [INFO] LR halved
[2026-01-27 02:23:53] [INFO] Epoch 7: loss=1.6224, acc=96.41
[2026-01-27 02:23:59] [INFO] Epoch 8: loss=1.5998, acc=95.84
[2026-01-27 02:24:04] [INFO] Epoch 9: loss=1.5766, acc=95.42
[2026-01-27 02:24:09] [INFO] Epoch 10: loss=1.5521, acc=94.57
[2026-01-27 02:24:09] [INFO] Finished training p=1.0: final_train_loss=1.55211774781545 final_test_acc=0.9457
[2026-01-27 02:51:06] [INFO] Computed 1D curve for p=1.0; alpha_star=6.793969849246231
[2026-01-27 02:51:06] [INFO] p=1.0 summary: clean_loss=0.548795 final_acc=0.9457 r_max=0.563622 area=0.317670
[2026-01-27 02:51:06] [INFO] Saved 1D loss line: results/plots/loss_line_p1.0.png
[2026-01-27 02:51:07] [INFO] Saved loss curve with parabola for p=1.0: results/plots/loss_line_with_parabola_p1.0.png
[2026-01-27 02:51:07] [INFO] Saved train curves for p=1.0: results/plots/train_curves_p1.0.png
[2026-01-27 02:51:07] [INFO] p=1.0 completed (elapsed=0h27m50s, 1670.03s)
[2026-01-27 02:51:07] [INFO] Saved comparison chart: results/plots/comparison_chart.png
[2026-01-27 02:51:07] [INFO] Saved CSV results: results/summary.csv (default)
[2026-01-27 02:51:07] [INFO] Saved combined loss landscapes: results/plots/combined_loss_landscapes.png
[2026-01-27 02:51:07] [INFO] Saved plot values CSV for p=0.0: results/plots/plot_data_p0.0.csv
[2026-01-27 02:51:07] [INFO] Saved plot values CSV for p=0.2: results/plots/plot_data_p0.2.csv
[2026-01-27 02:51:07] [INFO] Saved plot values CSV for p=0.4: results/plots/plot_data_p0.4.csv
[2026-01-27 02:51:07] [INFO] Saved plot values CSV for p=0.6: results/plots/plot_data_p0.6.csv
[2026-01-27 02:51:07] [INFO] Saved plot values CSV for p=0.8: results/plots/plot_data_p0.8.csv
[2026-01-27 02:51:07] [INFO] Saved plot values CSV for p=1.0: results/plots/plot_data_p1.0.csv
[2026-01-27 02:51:07] [INFO] Run complete (elapsed=2h17m25s, 8245.41s)
[2026-02-17 23:00:20] [INFO] Using device: cuda
[2026-02-17 23:00:20] [INFO] Starting run
[2026-02-17 23:00:20] [INFO] Loading MNIST…
[2026-02-17 23:00:20] [INFO] Train=60000, Clean=30000
[2026-02-17 23:00:20] [INFO] Loaded MNIST datasets: train_len=60000, test_len=10000
[2026-02-17 23:00:20] [INFO] Output directory: results/plots
[2026-02-17 23:00:20] [INFO] Initializing NNMHAPlotter with csv_pattern='results/1d_csvs/plot_data_p*.csv'
[2026-02-17 23:00:20] [INFO] Loaded and fitted 6 parabolas
[2026-02-17 23:00:20] [INFO] R_common = 0.122429
[2026-02-17 23:00:20] [INFO] Using alpha0 = 0.085700
[2026-02-17 23:00:20] [INFO] Common x window: [-0.1224, 0.1224]
[2026-02-17 23:00:20] [INFO] Common y window: [-3.4977e-08, 7.3453e-07]
[2026-02-17 23:00:20] [INFO] ===== p=0.0 =====
[2026-02-17 23:00:20] [INFO] Applying corruption p=0.0
[2026-02-17 23:00:20] [INFO] Initialized model for p=0.0
[2026-02-17 23:00:25] [INFO] Epoch 1: loss=0.3576, acc=95.22
[2026-02-17 23:00:29] [INFO] Epoch 2: loss=0.1215, acc=96.70
[2026-02-17 23:00:34] [INFO] Epoch 3: loss=0.0797, acc=97.34
[2026-02-17 23:00:39] [INFO] Epoch 4: loss=0.0555, acc=97.37
[2026-02-17 23:00:44] [INFO] Epoch 5: loss=0.0423, acc=97.85
[2026-02-17 23:00:48] [INFO] Epoch 6: loss=0.0317, acc=97.95
[2026-02-17 23:00:48] [INFO] LR halved
[2026-02-17 23:00:53] [INFO] Epoch 7: loss=0.0156, acc=98.12
[2026-02-17 23:00:58] [INFO] Epoch 8: loss=0.0094, acc=98.44
[2026-02-17 23:01:03] [INFO] Epoch 9: loss=0.0069, acc=98.17
[2026-02-17 23:01:09] [INFO] Epoch 10: loss=0.0062, acc=98.17
[2026-02-17 23:01:09] [INFO] Finished training p=0.0: final_train_loss=0.006217921601328999 final_test_acc=0.9817
[2026-02-17 23:20:19] [INFO] Computed 1D curve for p=0.0; alpha_star=-2.9547738693467336
[2026-02-17 23:20:19] [INFO] p=0.0 summary: clean_loss=0.004250 final_acc=0.9817 r_max=0.467463 area=0.218522
[2026-02-17 23:20:19] [INFO] Saved train curves for p=0.0: results/plots/train_curves_p0.0.png
[2026-02-17 23:20:19] [INFO] p=0.0 completed (elapsed=0h19m58s, 1198.91s)
[2026-02-17 23:20:19] [INFO] Saved CSV results: results/summary.csv (default)
[2026-02-17 23:20:19] [INFO] Saved plot values CSV for p=0.0: results/plots/plot_data_p0.0.csv
[2026-02-17 23:20:19] [INFO] Generating overlaid parabolas plot
[2026-02-17 23:20:20] [INFO] Saved plot to results/plots\parabola_basin_comparison_visible.png
[2026-02-17 23:20:20] [INFO] Generating parabolas plot with alpha0=0.085700 line
[2026-02-17 23:20:20] [INFO] Saved plot to results/plots\parabola_with_alpha0_line.png
[2026-02-17 23:20:20] [INFO] Generating individual parabola plots with same axes
[2026-02-17 23:20:20] [INFO] Saved plot to results/plots\loss_line_parabola_p0.0.png
[2026-02-17 23:20:20] [INFO] Saved plot to results/plots\loss_line_parabola_p0.2.png
[2026-02-17 23:20:20] [INFO] Saved plot to results/plots\loss_line_parabola_p0.4.png
[2026-02-17 23:20:20] [INFO] Saved plot to results/plots\loss_line_parabola_p0.6.png
[2026-02-17 23:20:21] [INFO] Saved plot to results/plots\loss_line_parabola_p0.8.png
[2026-02-17 23:20:21] [INFO] Saved plot to results/plots\loss_line_parabola_p1.0.png
[2026-02-17 23:20:21] [INFO] Generating L vs p plot
[2026-02-17 23:20:21] [INFO] Intersection heights L(p) at alpha0:
[2026-02-17 23:20:21] [INFO] p=0.0 -> L=8.609091e-08
[2026-02-17 23:20:21] [INFO] p=0.2 -> L=2.208348e-07
[2026-02-17 23:20:21] [INFO] p=0.4 -> L=2.756276e-07
[2026-02-17 23:20:21] [INFO] p=0.6 -> L=2.323061e-07
[2026-02-17 23:20:21] [INFO] p=0.8 -> L=3.427789e-07
[2026-02-17 23:20:21] [INFO] p=1.0 -> L=1.944872e-07
[2026-02-17 23:20:21] [INFO] Saved plot to results/plots\L_vs_p.png
[2026-02-17 23:20:21] [INFO] Generating width vs p plot (loss_level=1e-07)
[2026-02-17 23:20:21] [INFO] Saved plot to results/plots\width_vs_p_L1e-07.png
[2026-02-17 23:20:21] [INFO] All plots generated successfully
[2026-02-17 23:20:21] [INFO] Run complete (elapsed=0h20m00s, 1200.88s)
